Component: ARM Compiler 5.06 update 6 (build 750) Tool: armlink [4d35ed]

==============================================================================

Section Cross References

    startup_stm32f10x_hd.o(STACK) refers (Special) to heapauxi.o(.text) for __use_two_region_memory
    startup_stm32f10x_hd.o(HEAP) refers (Special) to heapauxi.o(.text) for __use_two_region_memory
    startup_stm32f10x_hd.o(RESET) refers (Special) to heapauxi.o(.text) for __use_two_region_memory
    startup_stm32f10x_hd.o(RESET) refers to startup_stm32f10x_hd.o(STACK) for __initial_sp
    startup_stm32f10x_hd.o(RESET) refers to startup_stm32f10x_hd.o(.text) for Reset_Handler
    startup_stm32f10x_hd.o(RESET) refers to stm32f10x_it.o(.text) for NMI_Handler
    startup_stm32f10x_hd.o(RESET) refers to bsp_timer.o(.text) for TIM2_IRQHandler
    startup_stm32f10x_hd.o(RESET) refers to bsp_usart.o(.text) for USART1_IRQHandler
    startup_stm32f10x_hd.o(RESET) refers to car.o(.text) for TIM6_IRQHandler
    startup_stm32f10x_hd.o(.text) refers (Special) to heapauxi.o(.text) for __use_two_region_memory
    startup_stm32f10x_hd.o(.text) refers to system_stm32f10x.o(.text) for SystemInit
    startup_stm32f10x_hd.o(.text) refers to __main.o(!!!main) for __main
    startup_stm32f10x_hd.o(.text) refers to startup_stm32f10x_hd.o(HEAP) for Heap_Mem
    startup_stm32f10x_hd.o(.text) refers to startup_stm32f10x_hd.o(STACK) for Stack_Mem
    system_stm32f10x.o(.text) refers to system_stm32f10x.o(.data) for SystemCoreClock
    stm32f10x_adc.o(.text) refers to stm32f10x_rcc.o(.text) for RCC_APB2PeriphResetCmd
    stm32f10x_bkp.o(.text) refers to stm32f10x_rcc.o(.text) for RCC_BackupResetCmd
    stm32f10x_can.o(.text) refers to stm32f10x_rcc.o(.text) for RCC_APB1PeriphResetCmd
    stm32f10x_cec.o(.text) refers to stm32f10x_rcc.o(.text) for RCC_APB1PeriphResetCmd
    stm32f10x_dac.o(.text) refers to stm32f10x_rcc.o(.text) for RCC_APB1PeriphResetCmd
    stm32f10x_gpio.o(.text) refers to stm32f10x_rcc.o(.text) for RCC_APB2PeriphResetCmd
    stm32f10x_i2c.o(.text) refers to stm32f10x_rcc.o(.text) for RCC_APB1PeriphResetCmd
    stm32f10x_pwr.o(.text) refers to stm32f10x_rcc.o(.text) for RCC_APB1PeriphResetCmd
    stm32f10x_rcc.o(.text) refers to stm32f10x_rcc.o(.data) for APBAHBPrescTable
    stm32f10x_spi.o(.text) refers to stm32f10x_rcc.o(.text) for RCC_APB2PeriphResetCmd
    stm32f10x_tim.o(.text) refers to stm32f10x_rcc.o(.text) for RCC_APB2PeriphResetCmd
    stm32f10x_usart.o(.text) refers to stm32f10x_rcc.o(.text) for RCC_APB2PeriphResetCmd
    stm32f10x_wwdg.o(.text) refers to stm32f10x_rcc.o(.text) for RCC_APB1PeriphResetCmd
    bsp_sys.o(.text) refers to delay.o(.text) for Delay_Init
    bsp_sys.o(.text) refers to bsp_nvic.o(.text) for NVIC_Config
    bsp_sys.o(.text) refers to bsp_gpio.o(.text) for LED_GPIO_Config
    bsp_sys.o(.text) refers to track.o(.text) for TRACK_IO_Init
    bsp_sys.o(.text) refers to bsp_usart.o(.text) for USART1_Init
    bsp_sys.o(.text) refers to bsp_iic.o(.text) for IIC_Init
    bsp_sys.o(.text) refers to moto.o(.text) for MOTO_GPIO_Init
    bsp_sys.o(.text) refers to bsp_timer.o(.text) for MOTO_PWM_Init
    bsp_sys.o(.text) refers to bsp_adc.o(.text) for ADCx_Init
    bsp_sys.o(.text) refers to oled.o(.text) for OLED_Init
    bsp_sys.o(.text) refers to stm32f10x_tim.o(.text) for TIM_Cmd
    bsp_gpio.o(.text) refers to stm32f10x_rcc.o(.text) for RCC_APB2PeriphClockCmd
    bsp_gpio.o(.text) refers to stm32f10x_gpio.o(.text) for GPIO_Init
    bsp_gpio.o(.text) refers to delay.o(.text) for Delay_us
    bsp_gpio.o(.text) refers to bsp_gpio.o(.data) for temp
    bsp_usart.o(.text) refers to stm32f10x_rcc.o(.text) for RCC_APB2PeriphClockCmd
    bsp_usart.o(.text) refers to stm32f10x_gpio.o(.text) for GPIO_Init
    bsp_usart.o(.text) refers to stm32f10x_usart.o(.text) for USART_Init
    bsp_usart.o(.text) refers to bsp_usart.o(.data) for rx_count
    delay.o(.text) refers to misc.o(.text) for SysTick_CLKSourceConfig
    delay.o(.text) refers to delay.o(.data) for fac_us
    bsp_iic.o(.text) refers to stm32f10x_gpio.o(.text) for GPIO_SetBits
    bsp_iic.o(.text) refers to stm32f10x_rcc.o(.text) for RCC_APB2PeriphClockCmd
    bsp_timer.o(.text) refers to stm32f10x_rcc.o(.text) for RCC_APB1PeriphClockCmd
    bsp_timer.o(.text) refers to stm32f10x_tim.o(.text) for TIM_TimeBaseInit
    bsp_timer.o(.text) refers to stm32f10x_gpio.o(.text) for GPIO_Init
    bsp_timer.o(.text) refers to misc.o(.text) for NVIC_PriorityGroupConfig
    bsp_adc.o(.text) refers to stm32f10x_rcc.o(.text) for RCC_APB2PeriphClockCmd
    bsp_adc.o(.text) refers to stm32f10x_gpio.o(.text) for GPIO_Init
    bsp_adc.o(.text) refers to stm32f10x_adc.o(.text) for ADC_Init
    bsp_adc.o(.text) refers to misc.o(.text) for NVIC_PriorityGroupConfig
    moto.o(.text) refers to stm32f10x_rcc.o(.text) for RCC_APB2PeriphClockCmd
    moto.o(.text) refers to stm32f10x_gpio.o(.text) for GPIO_Init
    oled.o(.text) refers to bsp_iic.o(.text) for IIC_Start
[...]
    .ARM.Collect$$libinit$$00000004          0x080001f0   Section        0  libinit2.o(.ARM.Collect$$libinit$$00000004)
    .ARM.Collect$$libinit$$0000000A          0x080001f0   Section        0  libinit2.o(.ARM.Collect$$libinit$$0000000A)
    .ARM.Collect$$libinit$$0000000C          0x080001f0   Section        0  libinit2.o(.ARM.Collect$$libinit$$0000000C)
    .ARM.Collect$$libinit$$0000000E          0x080001f0   Section        0  libinit2.o(.ARM.Collect$$libinit$$0000000E)
    .ARM.Collect$$libinit$$0000000F          0x080001f0   Section        6  libinit2.o(.ARM.Collect$$libinit$$0000000F)
    .ARM.Collect$$libinit$$00000011          0x080001f6   Section        0  libinit2.o(.ARM.Collect$$libinit$$00000011)
    .ARM.Collect$$libinit$$00000013          0x080001f6   Section        0  libinit2.o(.ARM.Collect$$libinit$$00000013)
    .ARM.Collect$$libinit$$00000015          0x080001f6   Section        0  libinit2.o(.ARM.Collect$$libinit$$00000015)
    .ARM.Collect$$libinit$$00000016          0x080001f6   Section       10  libinit2.o(.ARM.Collect$$libinit$$00000016)
    .ARM.Collect$$libinit$$00000017          0x08000200   Section        0  libinit2.o(.ARM.Collect$$libinit$$00000017)
    .ARM.Collect$$libinit$$00000019          0x08000200   Section        0  libinit2.o(.ARM.Collect$$libinit$$00000019)
    .ARM.Collect$$libinit$$0000001B          0x08000200   Section        0  libinit2.o(.ARM.Collect$$libinit$$0000001B)
    .ARM.Collect$$libinit$$0000001D          0x08000200   Section        0  libinit2.o(.ARM.Collect$$libinit$$0000001D)
    .ARM.Collect$$libinit$$0000001F          0x08000200   Section        0  libinit2.o(.ARM.Collect$$libinit$$0000001F)
    .ARM.Collect$$libinit$$00000021          0x08000200   Section        0  libinit2.o(.ARM.Collect$$libinit$$00000021)
    .ARM.Collect$$libinit$$00000023          0x08000200   Section        0  libinit2.o(.ARM.Collect$$libinit$$00000023)
    .ARM.Collect$$libinit$$00000025          0x08000200   Section        0  libinit2.o(.ARM.Collect$$libinit$$00000025)
    .ARM.Collect$$libinit$$0000002C          0x08000200   Section        0  libinit2.o(.ARM.Collect$$libinit$$0000002C)
    .ARM.Collect$$libinit$$0000002E          0x08000200   Section        0  libinit2.o(.ARM.Collect$$libinit$$0000002E)
    .ARM.Collect$$libinit$$00000030          0x08000200   Section        0  libinit2.o(.ARM.Collect$$libinit$$00000030)
    .ARM.Collect$$libinit$$00000032          0x08000200   Section        0  libinit2.o(.ARM.Collect$$libinit$$00000032)
    .ARM.Collect$$libinit$$00000033          0x08000200   Section        2  libinit2.o(.ARM.Collect$$libinit$$00000033)
    .ARM.Collect$$libshutdown$$00000000      0x08000202   Section        2  libshutdown.o(.ARM.Collect$$libshutdown$$00000000)
    .ARM.Collect$$libshutdown$$00000002      0x08000204   Section        0  libshutdown2.o(.ARM.Collect$$libshutdown$$00000002)
    .ARM.Collect$$libshutdown$$00000004      0x08000204   Section        0  libshutdown2.o(.ARM.Collect$$libshutdown$$00000004)
    .ARM.Collect$$libshutdown$$00000007      0x08000204   Section        0  libshutdown2.o(.ARM.Collect$$libshutdown$$00000007)
    .ARM.Collect$$libshutdown$$0000000A      0x08000204   Section        0  libshutdown2.o(.ARM.Collect$$libshutdown$$0000000A)
    .ARM.Collect$$libshutdown$$0000000C      0x08000204   Section        0  libshutdown2.o(.ARM.Collect$$libshutdown$$0000000C)
    .ARM.Collect$$libshutdown$$0000000F      0x08000204   Section        0  libshutdown2.o(.ARM.Collect$$libshutdown$$0000000F)
    .ARM.Collect$$libshutdown$$00000010      0x08000204   Section        2  libshutdown2.o(.ARM.Collect$$libshutdown$$00000010)
    .ARM.Collect$$rtentry$$00000000          0x08000206   Section        0  __rtentry.o(.ARM.Collect$$rtentry$$00000000)
    .ARM.Collect$$rtentry$$00000002          0x08000206   Section        0  __rtentry2.o(.ARM.Collect$$rtentry$$00000002)
    .ARM.Collect$$rtentry$$00000004          0x08000206   Section        6  __rtentry4.o(.ARM.Collect$$rtentry$$00000004)
    .ARM.Collect$$rtentry$$00000009          0x0800020c   Section        0  __rtentry2.o(.ARM.Collect$$rtentry$$00000009)
    .ARM.Collect$$rtentry$$0000000A          0x0800020c   Section        4  __rtentry2.o(.ARM.Collect$$rtentry$$0000000A)
    .ARM.Collect$$rtentry$$0000000C          0x08000210   Section        0  __rtentry2.o(.ARM.Collect$$rtentry$$0000000C)
    .ARM.Collect$$rtentry$$0000000D          0x08000210   Section        8  __rtentry2.o(.ARM.Collect$$rtentry$$0000000D)
    .ARM.Collect$$rtexit$$00000000           0x08000218   Section        2  rtexit.o(.ARM.Collect$$rtexit$$00000000)
    .ARM.Collect$$rtexit$$00000002           0x0800021a   Section        0  rtexit2.o(.ARM.Collect$$rtexit$$00000002)
    .ARM.Collect$$rtexit$$00000003           0x0800021a   Section        4  rtexit2.o(.ARM.Collect$$rtexit$$00000003)
    .ARM.Collect$$rtexit$$00000004           0x0800021e   Section        6  rtexit2.o(.ARM.Collect$$rtexit$$00000004)
    .text                                    0x08000224   Section       64  startup_stm32f10x_hd.o(.text)
    .text                                    0x08000264   Section        0  system_stm32f10x.o(.text)
    SetSysClockTo72                          0x08000265   Thumb Code   214  system_stm32f10x.o(.text)
    SetSysClock                              0x0800033b   Thumb Code     8  system_stm32f10x.o(.text)
    .text                                    0x08000444   Section        0  misc.o(.text)
    .text                                    0x08000520   Section        0  stm32f10x_adc.o(.text)
    .text                                    0x08000970   Section        0  stm32f10x_gpio.o(.text)
    .text                                    0x08000ccc   Section        0  stm32f10x_rcc.o(.text)
    .text                                    0x08001070   Section        0  stm32f10x_tim.o(.text)
    TI4_Config                               0x08001517   Thumb Code   130  stm32f10x_tim.o(.text)
    TI3_Config                               0x080015ab   Thumb Code   122  stm32f10x_tim.o(.text)
    TI2_Config                               0x0800163f   Thumb Code   130  stm32f10x_tim.o(.text)
    TI1_Config                               0x080016d3   Thumb Code   108  stm32f10x_tim.o(.text)
    .text                                    0x08001e8c   Section        0  stm32f10x_usart.o(.text)
    .text                                    0x08002294   Section        0  bsp_sys.o(.text)
    .text                                    0x08002360   Section        0  bsp_gpio.o(.text)
    .text                                    0x0800242c   Section        0  bsp_nvic.o(.text)
    .text                                    0x08002430   Section        0  bsp_usart.o(.text)
    .text                                    0x0800259c   Section        0  delay.o(.text)
    .text                                    0x08002648   Section        0  bsp_iic.o(.text)
    .text                                    0x08002860   Section        0  bsp_timer.o(.text)
    .text                                    0x08002ba0   Section        0  bsp_adc.o(.text)
    ADCx_GPIO_Config                         0x08002ba1   Thumb Code    32  bsp_adc.o(.text)
    ADCx_Mode_Config                         0x08002bc1   Thumb Code   138  bsp_adc.o(.text)
    ADC_NVIC_Config                          0x08002c4b   Thumb Code    38  bsp_adc.o(.text)
    .text                                    0x08002c88   Section        0  moto.o(.text)
    .text                                    0x08002d8c   Section        0  oled.o(.text)
    .text                                    0x08003288   Section        0  pid.o(.text)
    .text                                    0x080033e4   Section        0  car.o(.text)
    .text                                    0x080035dc   Section        0  track.o(.text)
    .text                                    0x08003878   Section        0  main.o(.text)
    .text                                    0x08003c9c   Section        0  stm32f10x_it.o(.text)
    .text                                    0x08003ce4   Section        0  noretval__2sprintf.o(.text)
    .text                                    0x08003d0c   Section        0  _printf_pad.o(.text)
    .text                                    0x08003d5a   Section        0  __printf_wp.o(.text)
    .text                                    0x08003e68   Section        0  heapauxi.o(.text)
    .text                                    0x08003e6e   Section        0  _printf_fp_dec.o(.text)
    _fp_digits                               0x08003e71   Thumb Code   432  _printf_fp_dec.o(.text)
    .text                                    0x0800428c   Section        0  _printf_char_common.o(.text)
    _printf_input_char                       0x0800428d   Thumb Code    10  _printf_char_common.o(.text)
    .text                                    0x080042bc   Section        0  _sputc.o(.text)
    .text                                    0x080042c8   Section        8  rt_locale_intlibspace.o(.text)
    .text                                    0x080042d0   Section      138  lludiv10.o(.text)
    .text                                    0x0800435c   Section        0  _printf_fp_infnan.o(.text)
    .text                                    0x080043dc   Section        0  bigflt0.o(.text)
    .text                                    0x080044c0   Section        8  libspace.o(.text)
    .text                                    0x080044c8   Section       74  sys_stackheap_outer.o(.text)
    .text                                    0x08004512   Section        0  exit.o(.text)
    .text                                    0x08004524   Section      128  strcmpv7m.o(.text)
    .text                                    0x080045a4   Section        0  sys_exit.o(.text)
    .text                                    0x080045b0   Section        2  use_no_semi.o(.text)
    .text                                    0x080045b2   Section        0  indicate_semi.o(.text)
    CL$$btod_d2e                             0x080045b2   Section       62  btod.o(CL$$btod_d2e)
    CL$$btod_d2e_denorm_low                  0x080045f0   Section       70  btod.o(CL$$btod_d2e_denorm_low)
    CL$$btod_d2e_norm_op1                    0x08004636   Section       96  btod.o(CL$$btod_d2e_norm_op1)
    CL$$btod_div_common                      0x08004696   Section      824  btod.o(CL$$btod_div_common)
    CL$$btod_e2e                             0x080049ce   Section      220  btod.o(CL$$btod_e2e)
    CL$$btod_ediv                            0x08004aaa   Section       42  btod.o(CL$$btod_ediv)
    CL$$btod_emul                            0x08004ad4   Section       42  btod.o(CL$$btod_emul)
    CL$$btod_mult_common                     0x08004afe   Section      580  btod.o(CL$$btod_mult_common)
    i.__ARM_fpclassify                       0x08004d42   Section        0  fpclassify.o(i.__ARM_fpclassify)
    i._is_digit                              0x08004d6a   Section        0  __printf_wp.o(i._is_digit)
    locale$$code                             0x08004d78   Section       44  lc_numeric_c.o(locale$$code)
    x$fpl$d2f                                0x08004da4   Section       98  d2f.o(x$fpl$d2f)
    x$fpl$dflt                               0x08004e06   Section       46  dflt_clz.o(x$fpl$dflt)
    x$fpl$dmul                               0x08004e34   Section      340  dmul.o(x$fpl$dmul)
    x$fpl$dnaninf                            0x08004f88   Section      156  dnaninf.o(x$fpl$dnaninf)
    x$fpl$dretinf                            0x08005024   Section       12  dretinf.o(x$fpl$dretinf)
    x$fpl$f2d                                0x08005030   Section       86  f2d.o(x$fpl$f2d)
    x$fpl$fadd                               0x08005088   Section      196  faddsub_clz.o(x$fpl$fadd)
    _fadd1                                   0x08005097   Thumb Code     0  faddsub_clz.o(x$fpl$fadd)
    x$fpl$fdiv                               0x0800514c   Section      388  fdiv.o(x$fpl$fdiv)
    _fdiv1                                   0x0800514d   Thumb Code     0  fdiv.o(x$fpl$fdiv)
    x$fpl$ffix                               0x080052d0   Section       54  ffix.o(x$fpl$ffix)
    x$fpl$ffixu                              0x08005308   Section       62  ffixu.o(x$fpl$ffixu)
    x$fpl$fflt                               0x08005348   Section       48  fflt_clz.o(x$fpl$fflt)
    x$fpl$ffltu                              0x08005378   Section       38  fflt_clz.o(x$fpl$ffltu)
    x$fpl$fmul                               0x080053a0   Section      258  fmul.o(x$fpl$fmul)
    x$fpl$fnaninf                            0x080054a2   Section      140  fnaninf.o(x$fpl$fnaninf)
    x$fpl$fretinf                            0x0800552e   Section       10  fretinf.o(x$fpl$fretinf)
    x$fpl$fsub                               0x08005538   Section      234  faddsub_clz.o(x$fpl$fsub)
    _fsub1                                   0x08005547   Thumb Code     0  faddsub_clz.o(x$fpl$fsub)
    x$fpl$printf1                            0x08005622   Section        4  printf1.o(x$fpl$printf1)
    .constdata                               0x08005626   Section     2072  oled.o(.constdata)
    x$fpl$usenofp                            0x08005626   Section        0  usenofp.o(x$fpl$usenofp)
    .constdata                               0x08005e40   Section      148  bigflt0.o(.constdata)
    tenpwrs_x                                0x08005e40   Data          60  bigflt0.o(.constdata)
    tenpwrs_i                                0x08005e7c   Data          64  bigflt0.o(.constdata)
    locale$$data                             0x08005ef4   Section       28  lc_numeric_c.o(locale$$data)
    __lcnum_c_name                           0x08005ef8   Data           2  lc_numeric_c.o(locale$$data)
    __lcnum_c_start                          0x08005f00   Data           0  lc_numeric_c.o(locale$$data)
    __lcnum_c_point                          0x08005f0c   Data           0  lc_numeric_c.o(locale$$data)
    __lcnum_c_thousands                      0x08005f0e   Data           0  lc_numeric_c.o(locale$$data)
    __lcnum_c_grouping                       0x08005f0f   Data           0  lc_numeric_c.o(locale$$data)
    __lcnum_c_end                            0x08005f10   Data           0  lc_numeric_c.o(locale$$data)
    .data                                    0x20000000   Section       20  system_stm32f10x.o(.data)
    .data                                    0x20000014   Section       20  stm32f10x_rcc.o(.data)
    APBAHBPrescTable                         0x20000014   Data          16  stm32f10x_rcc.o(.data)
    ADCPrescTable                            0x20000024   Data           4  stm32f10x_rcc.o(.data)
    .data                                    0x20000028   Section        4  bsp_gpio.o(.data)
    temp                                     0x20000028   Data           4  bsp_gpio.o(.data)
    .data                                    0x2000002c   Section       12  bsp_usart.o(.data)
    .data                                    0x20000038   Section        4  delay.o(.data)
    fac_us                                   0x20000038   Data           1  delay.o(.data)
    fac_ms                                   0x2000003a   Data           2  delay.o(.data)
    .data                                    0x2000003c   Section        2  bsp_adc.o(.data)
    .data                                    0x2000003e   Section      512  oled.o(.data)
    .data                                    0x20000240   Section       28  pid.o(.data)
    LastError                                0x2000024c   Data           4  pid.o(.data)
    PrevError                                0x20000250   Data           4  pid.o(.data)
    LastError                                0x20000254   Data           4  pid.o(.data)
    PrevError                                0x20000258   Data           4  pid.o(.data)
    .data                                    0x2000025c   Section       54  car.o(.data)
    .data                                    0x20000294   Section       16  main.o(.data)
    .bss                                     0x200002a4   Section       96  libspace.o(.bss)
    HEAP                                     0x20000308   Section      512  startup_stm32f10x_hd.o(HEAP)
    Heap_Mem                                 0x20000308   Data         512  startup_stm32f10x_hd.o(HEAP)
    STACK                                    0x20000508   Section     1024  startup_stm32f10x_hd.o(STACK)
    Stack_Mem                                0x20000508   Data        1024  startup_stm32f10x_hd.o(STACK)
    __initial_sp                             0x20000908   Data           0  startup_stm32f10x_hd.o(STACK)

    Global Symbols

    Symbol Name                              Value     Ov Type        Size  Object(Section)

    BuildAttributes$$THM_ISAv4$P$D$K$B$S$PE$A:L22UL41UL21$X:L11$S22US41US21$IEEE1$IW$USESV6$~STKCKD$USESV7$~SHL$OTIME$ROPI$IEEEJ$EBA8$UX$STANDARDLIB$REQ8$PRES8$EABIv2 0x00000000   Number         0  anon$$obj.o ABSOLUTE
    __ARM_use_no_argv                        0x00000000   Number         0  main.o ABSOLUTE
    _printf_flags                            0x00000000   Number         0  printf_stubs.o ABSOLUTE
    _printf_return_value                     0x00000000   Number         0  printf_stubs.o ABSOLUTE
    _printf_sizespec                         0x00000000   Number         0  printf_stubs.o ABSOLUTE
    _printf_widthprec                        0x00000000   Number         0  printf_stubs.o ABSOLUTE
    __ARM_exceptions_init                     - Undefined Weak Reference
    __alloca_initialize                       - Undefined Weak Reference
    __arm_preinit_                            - Undefined Weak Reference
    __cpp_initialize__aeabi_                  - Undefined Weak Reference
    __cxa_finalize                            - Undefined Weak Reference
    __sigvec_lookup                           - Undefined Weak Reference
    _atexit_init                              - Undefined Weak Reference
    _call_atexit_fns                          - Undefined Weak Reference
    _clock_init                               - Undefined Weak Reference
    _fp_trap_init                             - Undefined Weak Reference
    _fp_trap_shutdown                         - Undefined Weak Reference
    _get_lc_collate                           - Undefined Weak Reference
    _get_lc_ctype                             - Undefined Weak Reference
    _get_lc_monetary                          - Undefined Weak Reference
    _get_lc_time                              - Undefined Weak Reference
    _getenv_init                              - Undefined Weak Reference
    _handle_redirection                       - Undefined Weak Reference
    _init_alloc                               - Undefined Weak Reference
    _init_user_alloc                          - Undefined Weak Reference
    _initio                                   - Undefined Weak Reference
    _rand_init                                - Undefined Weak Reference
    _signal_finish                            - Undefined Weak Reference
    _signal_init                              - Undefined Weak Reference
    _terminate_alloc                          - Undefined Weak Reference
    _terminate_user_alloc                     - Undefined Weak Reference
    _terminateio                              - Undefined Weak Reference
    __Vectors_Size                           0x00000130   Number         0  startup_stm32f10x_hd.o ABSOLUTE
    __Vectors                                0x08000000   Data           4  startup_stm32f10x_hd.o(RESET)
    __Vectors_End                            0x08000130   Data           0  startup_stm32f10x_hd.o(RESET)
    __main                                   0x08000131   Thumb Code     8  __main.o(!!!main)
    __scatterload                            0x08000139   Thumb Code     0  __scatter.o(!!!scatter)
    __scatterload_rt2                        0x08000139   Thumb Code    44  __scatter.o(!!!scatter)
    __scatterload_rt2_thumb_only             0x08000139   Thumb Code     0  __scatter.o(!!!scatter)
    __scatterload_null                       0x08000147   Thumb Code     0  __scatter.o(!!!scatter)
    __decompress                             0x0800016d   Thumb Code    90  __dczerorl2.o(!!dczerorl2)
    __decompress1                            0x0800016d   Thumb Code     0  __dczerorl2.o(!!dczerorl2)
    __scatterload_zeroinit                   0x080001c9   Thumb Code    28  __scatter_zi.o(!!handler_zi)
    _printf_f                                0x080001e5   Thumb Code     0  _printf_f.o(.ARM.Collect$$_printf_percent$$00000003)
    _printf_percent                          0x080001e5   Thumb Code     0  _printf_percent.o(.ARM.Collect$$_printf_percent$$00000000)
    _printf_percent_end                      0x080001eb   Thumb Code     0  _printf_percent_end.o(.ARM.Collect$$_printf_percent$$00000017)
    __rt_lib_init                            0x080001ef   Thumb Code     0  libinit.o(.ARM.Collect$$libinit$$00000000)
    __rt_lib_init_fp_1                       0x080001f1   Thumb Code     0  libinit2.o(.ARM.Collect$$libinit$$00000002)
    __rt_lib_init_heap_1                     0x080001f1   Thumb Code     0  libinit2.o(.ARM.Collect$$libinit$$0000000A)
    __rt_lib_init_lc_common                  0x080001f1   Thumb Code     0  libinit2.o(.ARM.Collect$$libinit$$0000000F)
    __rt_lib_init_preinit_1                  0x080001f1   Thumb Code     0  libinit2.o(.ARM.Collect$$libinit$$00000004)
    __rt_lib_init_rand_1                     0x080001f1   Thumb Code     0  libinit2.o(.ARM.Collect$$libinit$$0000000E)
    __rt_lib_init_user_alloc_1               0x080001f1   Thumb Code     0  libinit2.o(.ARM.Collect$$libinit$$0000000C)
    __rt_lib_init_lc_collate_1               0x080001f7   Thumb Code     0  libinit2.o(.ARM.Collect$$libinit$$00000011)
    __rt_lib_init_lc_ctype_1                 0x080001f7   Thumb Code     0  libinit2.o(.ARM.Collect$$libinit$$00000013)
    __rt_lib_init_lc_monetary_1              0x080001f7   Thumb Code     0  libinit2.o(.ARM.Collect$$libinit$$00000015)
    __rt_lib_init_lc_numeric_2               0x080001f7   Thumb Code     0  libinit2.o(.ARM.Collect$$libinit$$00000016)
    __rt_lib_init_alloca_1                   0x08000201   Thumb Code     0  libinit2.o(.ARM.Collect$$libinit$$0000002E)
    __rt_lib_init_argv_1                     0x08000201   Thumb Code     0  libinit2.o(.ARM.Collect$$libinit$$0000002C)
    __rt_lib_init_atexit_1                   0x08000201   Thumb Code     0  libinit2.o(.ARM.Collect$$libinit$$0000001B)
    __rt_lib_init_clock_1                    0x08000201   Thumb Code     0  libinit2.o(.ARM.Collect$$libinit$$00000021)
    __rt_lib_init_cpp_1                      0x08000201   Thumb Code     0  libinit2.o(.ARM.Collect$$libinit$$00000032)
    __rt_lib_init_exceptions_1               0x08000201   Thumb Code     0  libinit2.o(.ARM.Collect$$libinit$$00000030)
    __rt_lib_init_fp_trap_1                  0x08000201   Thumb Code     0  libinit2.o(.ARM.Collect$$libinit$$0000001F)
    __rt_lib_init_getenv_1                   0x08000201   Thumb Code     0  libinit2.o(.ARM.Collect$$libinit$$00000023)
    __rt_lib_init_lc_numeric_1               0x08000201   Thumb Code     0  libinit2.o(.ARM.Collect$$libinit$$00000017)
    __rt_lib_init_lc_time_1                  0x08000201   Thumb Code     0  libinit2.o(.ARM.Collect$$libinit$$00000019)
    __rt_lib_init_return                     0x08000201   Thumb Code     0  libinit2.o(.ARM.Collect$$libinit$$00000033)
    __rt_lib_init_signal_1                   0x08000201   Thumb Code     0  libinit2.o(.ARM.Collect$$libinit$$0000001D)
    __rt_lib_init_stdio_1                    0x08000201   Thumb Code     0  libinit2.o(.ARM.Collect$$libinit$$00000025)
    __rt_lib_shutdown                        0x08000203   Thumb Code     0  libshutdown.o(.ARM.Collect$$libshutdown$$00000000)
    __rt_lib_shutdown_cpp_1                  0x08000205   Thumb Code     0  libshutdown2.o(.ARM.Collect$$libshutdown$$00000002)
    __rt_lib_shutdown_fp_trap_1              0x08000205   Thumb Code     0  libshutdown2.o(.ARM.Collect$$libshutdown$$00000007)
    __rt_lib_shutdown_heap_1                 0x08000205   Thumb Code     0  libshutdown2.o(.ARM.Collect$$libshutdown$$0000000F)
    __rt_lib_shutdown_return                 0x08000205   Thumb Code     0  libshutdown2.o(.ARM.Collect$$libshutdown$$00000010)
    __rt_lib_shutdown_signal_1               0x08000205   Thumb Code     0  libshutdown2.o(.ARM.Collect$$libshutdown$$0000000A)
    __rt_lib_shutdown_stdio_1                0x08000205   Thumb Code     0  libshutdown2.o(.ARM.Collect$$libshutdown$$00000004)
    __rt_lib_shutdown_user_alloc_1           0x08000205   Thumb Code     0  libshutdown2.o(.ARM.Collect$$libshutdown$$0000000C)
    __rt_entry                               0x08000207   Thumb Code     0  __rtentry.o(.ARM.Collect$$rtentry$$00000000)
    __rt_entry_presh_1                       0x08000207   Thumb Code     0  __rtentry2.o(.ARM.Collect$$rtentry$$00000002)
    __rt_entry_sh                            0x08000207   Thumb Code     0  __rtentry4.o(.ARM.Collect$$rtentry$$00000004)
    __rt_entry_li                            0x0800020d   Thumb Code     0  __rtentry2.o(.ARM.Collect$$rtentry$$0000000A)
    __rt_entry_postsh_1                      0x0800020d   Thumb Code     0  __rtentry2.o(.ARM.Collect$$rtentry$$00000009)
    __rt_entry_main                          0x08000211   Thumb Code     0  __rtentry2.o(.ARM.Collect$$rtentry$$0000000D)
    __rt_entry_postli_1                      0x08000211   Thumb Code     0  __rtentry2.o(.ARM.Collect$$rtentry$$0000000C)
    __rt_exit                                0x08000219   Thumb Code     0  rtexit.o(.ARM.Collect$$rtexit$$00000000)
    __rt_exit_ls                             0x0800021b   Thumb Code     0  rtexit2.o(.ARM.Collect$$rtexit$$00000003)
    __rt_exit_prels_1                        0x0800021b   Thumb Code     0  rtexit2.o(.ARM.Collect$$rtexit$$00000002)
    __rt_exit_exit                           0x0800021f   Thumb Code     0  rtexit2.o(.ARM.Collect$$rtexit$$00000004)
    Reset_Handler                            0x08000225   Thumb Code     8  startup_stm32f10x_hd.o(.text)
    SysTick_Handler                          0x0800023d   Thumb Code     2  startup_stm32f10x_hd.o(.text)
    ADC3_IRQHandler                          0x0800023f   Thumb Code     0  startup_stm32f10x_hd.o(.text)
    CAN1_RX1_IRQHandler                      0x0800023f   Thumb Code     0  startup_stm32f10x_hd.o(.text)
    CAN1_SCE_IRQHandler                      0x0800023f   Thumb Code     0  startup_stm32f10x_hd.o(.text)
    DMA1_Channel1_IRQHandler                 0x0800023f   Thumb Code     0  startup_stm32f10x_hd.o(.text)
    DMA1_Channel2_IRQHandler                 0x0800023f   Thumb Code     0  startup_stm32f10x_hd.o(.text)
    DMA1_Channel3_IRQHandler                 0x0800023f   Thumb Code     0  startup_stm32f10x_hd.o(.text)
    DMA1_Channel4_IRQHandler                 0x0800023f   Thumb Code     0  startup_stm32f10x_hd.o(.text)
    DMA1_Channel5_IRQHandler                 0x0800023f   Thumb Code     0  startup_stm32f10x_hd.o(.text)
    DMA1_Channel6_IRQHandler                 0x0800023f   Thumb Code     0  startup_stm32f10x_hd.o(.text)
    DMA1_Channel7_IRQHandler                 0x0800023f   Thumb Code     0  startup_stm32f10x_hd.o(.text)
    DMA2_Channel1_IRQHandler                 0x0800023f   Thumb Code     0  startup_stm32f10x_hd.o(.text)
    DMA2_Channel2_IRQHandler                 0x0800023f   Thumb Code     0  startup_stm32f10x_hd.o(.text)
    DMA2_Channel3_IRQHandler                 0x0800023f   Thumb Code     0  startup_stm32f10x_hd.o(.text)
    DMA2_Channel4_5_IRQHandler               0x0800023f   Thumb Code     0  startup_stm32f10x_hd.o(.text)
    EXTI0_IRQHandler                         0x0800023f   Thumb Code     0  startup_stm32f10x_hd.o(.text)
    EXTI15_10_IRQHandler                     0x0800023f   Thumb Code     0  startup_stm32f10x_hd.o(.text)
    EXTI1_IRQHandler                         0x0800023f   Thumb Code     0  startup_stm32f10x_hd.o(.text)
    EXTI2_IRQHandler                         0x0800023f   Thumb Code     0  startup_stm32f10x_hd.o(.text)
    EXTI3_IRQHandler                         0x0800023f   Thumb Code     0  startup_stm32f10x_hd.o(.text)
    EXTI4_IRQHandler                         0x0800023f   Thumb Code     0  startup_stm32f10x_hd.o(.text)
    EXTI9_5_IRQHandler                       0x0800023f   Thumb Code     0  startup_stm32f10x_hd.o(.text)
    FLASH_IRQHandler                         0x0800023f   Thumb Code     0  startup_stm32f10x_hd.o(.text)
    FSMC_IRQHandler                          0x0800023f   Thumb Code     0  startup_stm32f10x_hd.o(.text)
    I2C1_ER_IRQHandler                       0x0800023f   Thumb Code     0  startup_stm32f10x_hd.o(.text)
    I2C1_EV_IRQHandler                       0x0800023f   Thumb Code     0  startup_stm32f10x_hd.o(.text)
    I2C2_ER_IRQHandler                       0x0800023f   Thumb Code     0  startup_stm32f10x_hd.o(.text)
    I2C2_EV_IRQHandler                       0x0800023f   Thumb Code     0  startup_stm32f10x_hd.o(.text)
    PVD_IRQHandler                           0x0800023f   Thumb Code     0  startup_stm32f10x_hd.o(.text)
    RCC_IRQHandler                           0x0800023f   Thumb Code     0  startup_stm32f10x_hd.o(.text)
    RTCAlarm_IRQHandler                      0x0800023f   Thumb Code     0  startup_stm32f10x_hd.o(.text)
    RTC_IRQHandler                           0x0800023f   Thumb Code     0  startup_stm32f10x_hd.o(.text)
    SDIO_IRQHandler                          0x0800023f   Thumb Code     0  startup_stm32f10x_hd.o(.text)
    SPI1_IRQHandler                          0x0800023f   Thumb Code     0  startup_stm32f10x_hd.o(.text)
    SPI2_IRQHandler                          0x0800023f   Thumb Code     0  startup_stm32f10x_hd.o(.text)
    SPI3_IRQHandler                          0x0800023f   Thumb Code     0  startup_stm32f10x_hd.o(.text)
    TAMPER_IRQHandler                        0x0800023f   Thumb Code     0  startup_stm32f10x_hd.o(.text)
    TIM1_BRK_IRQHandler                      0x0800023f   Thumb Code     0  startup_stm32f10x_hd.o(.text)
    TIM1_CC_IRQHandler                       0x0800023f   Thumb Code     0  startup_stm32f10x_hd.o(.text)
    TIM1_TRG_COM_IRQHandler                  0x0800023f   Thumb Code     0  startup_stm32f10x_hd.o(.text)
    TIM1_UP_IRQHandler                       0x0800023f   Thumb Code     0  startup_stm32f10x_hd.o(.text)
    TIM3_IRQHandler                          0x0800023f   Thumb Code     0  startup_stm32f10x_hd.o(.text)
    TIM5_IRQHandler                          0x0800023f   Thumb Code     0  startup_stm32f10x_hd.o(.text)
    TIM7_IRQHandler                          0x0800023f   Thumb Code     0  startup_stm32f10x_hd.o(.text)
    TIM8_BRK_IRQHandler                      0x0800023f   Thumb Code     0  startup_stm32f10x_hd.o(.text)
    TIM8_CC_IRQHandler                       0x0800023f   Thumb Code     0  startup_stm32f10x_hd.o(.text)
    TIM8_TRG_COM_IRQHandler                  0x0800023f   Thumb Code     0  startup_stm32f10x_hd.o(.text)
    TIM8_UP_IRQHandler                       0x0800023f   Thumb Code     0  startup_stm32f10x_hd.o(.text)
    UART4_IRQHandler                         0x0800023f   Thumb Code     0  startup_stm32f10x_hd.o(.text)
    UART5_IRQHandler                         0x0800023f   Thumb Code     0  startup_stm32f10x_hd.o(.text)
    USART2_IRQHandler                        0x0800023f   Thumb Code     0  startup_stm32f10x_hd.o(.text)
    USART3_IRQHandler                        0x0800023f   Thumb Code     0  startup_stm32f10x_hd.o(.text)
    USBWakeUp_IRQHandler                     0x0800023f   Thumb Code     0  startup_stm32f10x_hd.o(.text)
    USB_HP_CAN1_TX_IRQHandler                0x0800023f   Thumb Code     0  startup_stm32f10x_hd.o(.text)
    USB_LP_CAN1_RX0_IRQHandler               0x0800023f   Thumb Code     0  startup_stm32f10x_hd.o(.text)
    WWDG_IRQHandler                          0x0800023f   Thumb Code     0  startup_stm32f10x_hd.o(.text)
    __user_initial_stackheap                 0x08000241   Thumb Code     0  startup_stm32f10x_hd.o(.text)
    SystemInit                               0x08000343   Thumb Code    78  system_stm32f10x.o(.text)
    SystemCoreClockUpdate                    0x08000391   Thumb Code   142  system_stm32f10x.o(.text)
    NVIC_PriorityGroupConfig                 0x08000445   Thumb Code    10  misc.o(.text)
    NVIC_Init                                0x0800044f   Thumb Code   100  misc.o(.text)
    NVIC_SetVectorTable                      0x080004b3   Thumb Code    14  misc.o(.text)
    NVIC_SystemLPConfig                      0x080004c1   Thumb Code    34  misc.o(.text)
    SysTick_CLKSourceConfig                  0x080004e3   Thumb Code    40  misc.o(.text)
    ADC_DeInit                               0x08000521   Thumb Code    78  stm32f10x_adc.o(.text)
    ADC_Init                                 0x0800056f   Thumb Code    70  stm32f10x_adc.o(.text)
    ADC_StructInit                           0x080005b5   Thumb Code    18  stm32f10x_adc.o(.text)
    ADC_Cmd                                  0x080005c7   Thumb Code    22  stm32f10x_adc.o(.text)
    ADC_DMACmd                               0x080005dd   Thumb Code    22  stm32f10x_adc.o(.text)
    ADC_ITConfig                             0x080005f3   Thumb Code    24  stm32f10x_adc.o(.text)
    ADC_ResetCalibration                     0x0800060b   Thumb Code    10  stm32f10x_adc.o(.text)
    ADC_GetResetCalibrationStatus            0x08000615   Thumb Code    20  stm32f10x_adc.o(.text)
    ADC_StartCalibration                     0x08000629   Thumb Code    10  stm32f10x_adc.o(.text)
    ADC_GetCalibrationStatus                 0x08000633   Thumb Code    20  stm32f10x_adc.o(.text)
    ADC_SoftwareStartConvCmd                 0x08000647   Thumb Code    22  stm32f10x_adc.o(.text)
    ADC_GetSoftwareStartConvStatus           0x0800065d   Thumb Code    20  stm32f10x_adc.o(.text)
    ADC_DiscModeChannelCountConfig           0x08000671   Thumb Code    24  stm32f10x_adc.o(.text)
    ADC_DiscModeCmd                          0x08000689   Thumb Code    22  stm32f10x_adc.o(.text)
    ADC_RegularChannelConfig                 0x0800069f   Thumb Code   184  stm32f10x_adc.o(.text)
    ADC_ExternalTrigConvCmd                  0x08000757   Thumb Code    22  stm32f10x_adc.o(.text)
    ADC_GetConversionValue                   0x0800076d   Thumb Code     8  stm32f10x_adc.o(.text)
    ADC_GetDualModeConversionValue           0x08000775   Thumb Code     8  stm32f10x_adc.o(.text)
    ADC_AutoInjectedConvCmd                  0x0800077d   Thumb Code    22  stm32f10x_adc.o(.text)
    ADC_InjectedDiscModeCmd                  0x08000793   Thumb Code    22  stm32f10x_adc.o(.text)
    ADC_ExternalTrigInjectedConvConfig       0x080007a9   Thumb Code    16  stm32f10x_adc.o(.text)
    ADC_ExternalTrigInjectedConvCmd          0x080007b9   Thumb Code    22  stm32f10x_adc.o(.text)
    ADC_SoftwareStartInjectedConvCmd         0x080007cf   Thumb Code    22  stm32f10x_adc.o(.text)
    ADC_GetSoftwareStartInjectedConvCmdStatus 0x080007e5   Thumb Code    20  stm32f10x_adc.o(.text)
    ADC_InjectedChannelConfig                0x080007f9   Thumb Code   130  stm32f10x_adc.o(.text)
    ADC_InjectedSequencerLengthConfig        0x0800087b   Thumb Code    24  stm32f10x_adc.o(.text)
    ADC_SetInjectedOffset                    0x08000893   Thumb Code    20  stm32f10x_adc.o(.text)
    ADC_GetInjectedConversionValue           0x080008a7   Thumb Code    28  stm32f10x_adc.o(.text)
    ADC_AnalogWatchdogCmd                    0x080008c3   Thumb Code    16  stm32f10x_adc.o(.text)
    ADC_AnalogWatchdogThresholdsConfig       0x080008d3   Thumb Code     6  stm32f10x_adc.o(.text)
    ADC_AnalogWatchdogSingleChannelConfig    0x080008d9   Thumb Code    16  stm32f10x_adc.o(.text)
    ADC_TempSensorVrefintCmd                 0x080008e9   Thumb Code    64  stm32f10x_adc.o(.text)
    ADC_GetFlagStatus                        0x08000929   Thumb Code    18  stm32f10x_adc.o(.text)
    ADC_ClearFlag                            0x0800093b   Thumb Code     6  stm32f10x_adc.o(.text)
    ADC_GetITStatus                          0x08000941   Thumb Code    36  stm32f10x_adc.o(.text)
    ADC_ClearITPendingBit                    0x08000965   Thumb Code    10  stm32f10x_adc.o(.text)
    GPIO_DeInit                              0x08000971   Thumb Code   172  stm32f10x_gpio.o(.text)
    GPIO_AFIODeInit                          0x08000a1d   Thumb Code    20  stm32f10x_gpio.o(.text)
    GPIO_Init                                0x08000a31   Thumb Code   278  stm32f10x_gpio.o(.text)
    GPIO_StructInit                          0x08000b47   Thumb Code    16  stm32f10x_gpio.o(.text)
    GPIO_ReadInputDataBit                    0x08000b57   Thumb Code    18  stm32f10x_gpio.o(.text)
    GPIO_ReadInputData                       0x08000b69   Thumb Code     8  stm32f10x_gpio.o(.text)
    GPIO_ReadOutputDataBit                   0x08000b71   Thumb Code    18  stm32f10x_gpio.o(.text)
    GPIO_ReadOutputData                      0x08000b83   Thumb Code     8  stm32f10x_gpio.o(.text)
    GPIO_SetBits                             0x08000b8b   Thumb Code     4  stm32f10x_gpio.o(.text)
    GPIO_ResetBits                           0x08000b8f   Thumb Code     4  stm32f10x_gpio.o(.text)
    GPIO_WriteBit                            0x08000b93   Thumb Code    10  stm32f10x_gpio.o(.text)
    GPIO_Write                               0x08000b9d   Thumb Code     4  stm32f10x_gpio.o(.text)
    GPIO_PinLockConfig                       0x08000ba1   Thumb Code    18  stm32f10x_gpio.o(.text)
    GPIO_EventOutputConfig                   0x08000bb3   Thumb Code    26  stm32f10x_gpio.o(.text)
    GPIO_EventOutputCmd                      0x08000bcd   Thumb Code     6  stm32f10x_gpio.o(.text)
    GPIO_PinRemapConfig                      0x08000bd3   Thumb Code   138  stm32f10x_gpio.o(.text)
    GPIO_EXTILineConfig                      0x08000c5d   Thumb Code    66  stm32f10x_gpio.o(.text)
    GPIO_ETH_MediaInterfaceConfig            0x08000c9f   Thumb Code     8  stm32f10x_gpio.o(.text)
    RCC_DeInit                               0x08000ccd   Thumb Code    64  stm32f10x_rcc.o(.text)
    RCC_HSEConfig                            0x08000d0d   Thumb Code    70  stm32f10x_rcc.o(.text)
    RCC_GetFlagStatus                        0x08000d53   Thumb Code    56  stm32f10x_rcc.o(.text)
    RCC_WaitForHSEStartUp                    0x08000d8b   Thumb Code    56  stm32f10x_rcc.o(.text)
    RCC_AdjustHSICalibrationValue            0x08000dc3   Thumb Code    20  stm32f10x_rcc.o(.text)
    RCC_HSICmd                               0x08000dd7   Thumb Code     6  stm32f10x_rcc.o(.text)
    RCC_PLLConfig                            0x08000ddd   Thumb Code    24  stm32f10x_rcc.o(.text)
    RCC_PLLCmd                               0x08000df5   Thumb Code     6  stm32f10x_rcc.o(.text)
    RCC_SYSCLKConfig                         0x08000dfb   Thumb Code    18  stm32f10x_rcc.o(.text)
    RCC_GetSYSCLKSource                      0x08000e0d   Thumb Code    10  stm32f10x_rcc.o(.text)
    RCC_HCLKConfig                           0x08000e17   Thumb Code    18  stm32f10x_rcc.o(.text)
    RCC_PCLK1Config                          0x08000e29   Thumb Code    18  stm32f10x_rcc.o(.text)
    RCC_PCLK2Config                          0x08000e3b   Thumb Code    20  stm32f10x_rcc.o(.text)
    RCC_ITConfig                             0x08000e4f   Thumb Code    26  stm32f10x_rcc.o(.text)
    RCC_USBCLKConfig                         0x08000e69   Thumb Code     8  stm32f10x_rcc.o(.text)
    RCC_ADCCLKConfig                         0x08000e71   Thumb Code    18  stm32f10x_rcc.o(.text)
    RCC_LSEConfig                            0x08000e83   Thumb Code    50  stm32f10x_rcc.o(.text)
    RCC_LSICmd                               0x08000eb5   Thumb Code     6  stm32f10x_rcc.o(.text)
    RCC_RTCCLKConfig                         0x08000ebb   Thumb Code    12  stm32f10x_rcc.o(.text)
    RCC_RTCCLKCmd                            0x08000ec7   Thumb Code     8  stm32f10x_rcc.o(.text)
    RCC_GetClocksFreq                        0x08000ecf   Thumb Code   192  stm32f10x_rcc.o(.text)
    RCC_AHBPeriphClockCmd                    0x08000f8f   Thumb Code    26  stm32f10x_rcc.o(.text)
    RCC_APB2PeriphClockCmd                   0x08000fa9   Thumb Code    26  stm32f10x_rcc.o(.text)
    RCC_APB1PeriphClockCmd                   0x08000fc3   Thumb Code    26  stm32f10x_rcc.o(.text)
    RCC_APB2PeriphResetCmd                   0x08000fdd   Thumb Code    26  stm32f10x_rcc.o(.text)
    RCC_APB1PeriphResetCmd                   0x08000ff7   Thumb Code    26  stm32f10x_rcc.o(.text)
    RCC_BackupResetCmd                       0x08001011   Thumb Code     8  stm32f10x_rcc.o(.text)
    RCC_ClockSecuritySystemCmd               0x08001019   Thumb Code     6  stm32f10x_rcc.o(.text)
    RCC_MCOConfig                            0x0800101f   Thumb Code     6  stm32f10x_rcc.o(.text)
    RCC_ClearFlag                            0x08001025   Thumb Code    14  stm32f10x_rcc.o(.text)
    RCC_GetITStatus                          0x08001033   Thumb Code    20  stm32f10x_rcc.o(.text)
    RCC_ClearITPendingBit                    0x08001047   Thumb Code     6  stm32f10x_rcc.o(.text)
    TIM_DeInit                               0x08001071   Thumb Code   424  stm32f10x_tim.o(.text)
    TIM_TimeBaseInit                         0x08001219   Thumb Code   122  stm32f10x_tim.o(.text)
    TIM_OC1Init                              0x08001293   Thumb Code   132  stm32f10x_tim.o(.text)
    TIM_OC2Init                              0x08001317   Thumb Code   154  stm32f10x_tim.o(.text)
    TIM_OC3Init                              0x080013b1   Thumb Code   150  stm32f10x_tim.o(.text)
    TIM_OC4Init                              0x08001447   Thumb Code   182  stm32f10x_tim.o(.text)
    TIM_SetIC4Prescaler                      0x080014fd   Thumb Code    26  stm32f10x_tim.o(.text)
    TIM_SetIC3Prescaler                      0x08001599   Thumb Code    18  stm32f10x_tim.o(.text)
    TIM_SetIC2Prescaler                      0x08001625   Thumb Code    26  stm32f10x_tim.o(.text)
    TIM_SetIC1Prescaler                      0x080016c1   Thumb Code    18  stm32f10x_tim.o(.text)
    TIM_ICInit                               0x0800173f   Thumb Code   150  stm32f10x_tim.o(.text)
    TIM_PWMIConfig                           0x080017d5   Thumb Code   124  stm32f10x_tim.o(.text)
    TIM_BDTRConfig                           0x08001851   Thumb Code    32  stm32f10x_tim.o(.text)
    TIM_TimeBaseStructInit                   0x08001871   Thumb Code    18  stm32f10x_tim.o(.text)
    TIM_OCStructInit                         0x08001883   Thumb Code    20  stm32f10x_tim.o(.text)
    TIM_ICStructInit                         0x08001897   Thumb Code    18  stm32f10x_tim.o(.text)
    TIM_BDTRStructInit                       0x080018a9   Thumb Code    40  stm32f10x_tim.o(.text)
    TIM_Cmd                                  0x080018d1   Thumb Code    24  stm32f10x_tim.o(.text)
    TIM_CtrlPWMOutputs                       0x080018e9   Thumb Code    30  stm32f10x_tim.o(.text)
    TIM_ITConfig                             0x08001907   Thumb Code    18  stm32f10x_tim.o(.text)
    TIM_GenerateEvent                        0x08001919   Thumb Code     4  stm32f10x_tim.o(.text)
    TIM_DMAConfig                            0x0800191d   Thumb Code    10  stm32f10x_tim.o(.text)
    TIM_DMACmd                               0x08001927   Thumb Code    18  stm32f10x_tim.o(.text)
    TIM_InternalClockConfig                  0x08001939   Thumb Code    12  stm32f10x_tim.o(.text)
    TIM_SelectInputTrigger                   0x08001945   Thumb Code    18  stm32f10x_tim.o(.text)
    TIM_ITRxExternalClockConfig              0x08001957   Thumb Code    24  stm32f10x_tim.o(.text)
    TIM_TIxExternalClockConfig               0x0800196f   Thumb Code    62  stm32f10x_tim.o(.text)
    TIM_ETRConfig                            0x080019ad   Thumb Code    28  stm32f10x_tim.o(.text)
    TIM_ETRClockMode1Config                  0x080019c9   Thumb Code    54  stm32f10x_tim.o(.text)
    TIM_ETRClockMode2Config                  0x080019ff   Thumb Code    32  stm32f10x_tim.o(.text)
    TIM_PrescalerConfig                      0x08001a1f   Thumb Code     6  stm32f10x_tim.o(.text)
    TIM_CounterModeConfig                    0x08001a25   Thumb Code    18  stm32f10x_tim.o(.text)
    TIM_EncoderInterfaceConfig               0x08001a37   Thumb Code    66  stm32f10x_tim.o(.text)
    TIM_ForcedOC1Config                      0x08001a79   Thumb Code    18  stm32f10x_tim.o(.text)
    TIM_ForcedOC2Config                      0x08001a8b   Thumb Code    26  stm32f10x_tim.o(.text)
    TIM_ForcedOC3Config                      0x08001aa5   Thumb Code    18  stm32f10x_tim.o(.text)
    TIM_ForcedOC4Config                      0x08001ab7   Thumb Code    26  stm32f10x_tim.o(.text)
    TIM_ARRPreloadConfig                     0x08001ad1   Thumb Code    24  stm32f10x_tim.o(.text)
    TIM_SelectCOM                            0x08001ae9   Thumb Code    24  stm32f10x_tim.o(.text)
    TIM_SelectCCDMA                          0x08001b01   Thumb Code    24  stm32f10x_tim.o(.text)
    TIM_CCPreloadControl                     0x08001b19   Thumb Code    24  stm32f10x_tim.o(.text)
    TIM_OC1PreloadConfig                     0x08001b31   Thumb Code    18  stm32f10x_tim.o(.text)
    TIM_OC2PreloadConfig                     0x08001b43   Thumb Code    26  stm32f10x_tim.o(.text)
    TIM_OC3PreloadConfig                     0x08001b5d   Thumb Code    18  stm32f10x_tim.o(.text)
    TIM_OC4PreloadConfig                     0x08001b6f   Thumb Code    26  stm32f10x_tim.o(.text)
    TIM_OC1FastConfig                        0x08001b89   Thumb Code    18  stm32f10x_tim.o(.text)
    TIM_OC2FastConfig                        0x08001b9b   Thumb Code    26  stm32f10x_tim.o(.text)
    TIM_OC3FastConfig                        0x08001bb5   Thumb Code    18  stm32f10x_tim.o(.text)
    TIM_OC4FastConfig                        0x08001bc7   Thumb Code    26  stm32f10x_tim.o(.text)
    TIM_ClearOC1Ref                          0x08001be1   Thumb Code    18  stm32f10x_tim.o(.text)
    TIM_ClearOC2Ref                          0x08001bf3   Thumb Code    24  stm32f10x_tim.o(.text)
    TIM_ClearOC3Ref                          0x08001c0b   Thumb Code    18  stm32f10x_tim.o(.text)
    TIM_ClearOC4Ref                          0x08001c1d   Thumb Code    24  stm32f10x_tim.o(.text)
    TIM_OC1PolarityConfig                    0x08001c35   Thumb Code    18  stm32f10x_tim.o(.text)
    TIM_OC1NPolarityConfig                   0x08001c47   Thumb Code    18  stm32f10x_tim.o(.text)
    TIM_OC2PolarityConfig                    0x08001c59   Thumb Code    26  stm32f10x_tim.o(.text)
    TIM_OC2NPolarityConfig                   0x08001c73   Thumb Code    26  stm32f10x_tim.o(.text)
    TIM_OC3PolarityConfig                    0x08001c8d   Thumb Code    26  stm32f10x_tim.o(.text)
    TIM_OC3NPolarityConfig                   0x08001ca7   Thumb Code    26  stm32f10x_tim.o(.text)
    TIM_OC4PolarityConfig                    0x08001cc1   Thumb Code    26  stm32f10x_tim.o(.text)
    TIM_CCxCmd                               0x08001cdb   Thumb Code    30  stm32f10x_tim.o(.text)
    TIM_CCxNCmd                              0x08001cf9   Thumb Code    30  stm32f10x_tim.o(.text)
    TIM_SelectOCxM                           0x08001d17   Thumb Code    82  stm32f10x_tim.o(.text)
    TIM_UpdateDisableConfig                  0x08001d69   Thumb Code    24  stm32f10x_tim.o(.text)
    TIM_UpdateRequestConfig                  0x08001d81   Thumb Code    24  stm32f10x_tim.o(.text)
    TIM_SelectHallSensor                     0x08001d99   Thumb Code    24  stm32f10x_tim.o(.text)
    TIM_SelectOnePulseMode                   0x08001db1   Thumb Code    18  stm32f10x_tim.o(.text)
    TIM_SelectOutputTrigger                  0x08001dc3   Thumb Code    18  stm32f10x_tim.o(.text)
    TIM_SelectSlaveMode                      0x08001dd5   Thumb Code    18  stm32f10x_tim.o(.text)
    TIM_SelectMasterSlaveMode                0x08001de7   Thumb Code    18  stm32f10x_tim.o(.text)
    TIM_SetCounter                           0x08001df9   Thumb Code     4  stm32f10x_tim.o(.text)
    TIM_SetAutoreload                        0x08001dfd   Thumb Code     4  stm32f10x_tim.o(.text)
    TIM_SetCompare1                          0x08001e01   Thumb Code     4  stm32f10x_tim.o(.text)
    TIM_SetCompare2                          0x08001e05   Thumb Code     4  stm32f10x_tim.o(.text)
    TIM_SetCompare3                          0x08001e09   Thumb Code     4  stm32f10x_tim.o(.text)
    TIM_SetCompare4                          0x08001e0d   Thumb Code     6  stm32f10x_tim.o(.text)
    TIM_SetClockDivision                     0x08001e13   Thumb Code    18  stm32f10x_tim.o(.text)
    TIM_GetCapture1                          0x08001e25   Thumb Code     6  stm32f10x_tim.o(.text)
    TIM_GetCapture2                          0x08001e2b   Thumb Code     6  stm32f10x_tim.o(.text)
    TIM_GetCapture3                          0x08001e31   Thumb Code     6  stm32f10x_tim.o(.text)
    TIM_GetCapture4                          0x08001e37   Thumb Code     8  stm32f10x_tim.o(.text)
    TIM_GetCounter                           0x08001e3f   Thumb Code     6  stm32f10x_tim.o(.text)
    TIM_GetPrescaler                         0x08001e45   Thumb Code     6  stm32f10x_tim.o(.text)
    TIM_GetFlagStatus                        0x08001e4b   Thumb Code    18  stm32f10x_tim.o(.text)
    TIM_ClearFlag                            0x08001e5d   Thumb Code     6  stm32f10x_tim.o(.text)
    TIM_GetITStatus                          0x08001e63   Thumb Code    34  stm32f10x_tim.o(.text)
    TIM_ClearITPendingBit                    0x08001e85   Thumb Code     6  stm32f10x_tim.o(.text)
    USART_DeInit                             0x08001e8d   Thumb Code   134  stm32f10x_usart.o(.text)
    USART_Init                               0x08001f13   Thumb Code   210  stm32f10x_usart.o(.text)
    USART_StructInit                         0x08001fe5   Thumb Code    24  stm32f10x_usart.o(.text)
    USART_ClockInit                          0x08001ffd   Thumb Code    34  stm32f10x_usart.o(.text)
    USART_ClockStructInit                    0x0800201f   Thumb Code    12  stm32f10x_usart.o(.text)
    USART_Cmd                                0x0800202b   Thumb Code    24  stm32f10x_usart.o(.text)
    USART_ITConfig                           0x08002043   Thumb Code    74  stm32f10x_usart.o(.text)
    USART_DMACmd                             0x0800208d   Thumb Code    18  stm32f10x_usart.o(.text)
    USART_SetAddress                         0x0800209f   Thumb Code    18  stm32f10x_usart.o(.text)
    USART_WakeUpConfig                       0x080020b1   Thumb Code    18  stm32f10x_usart.o(.text)
    USART_ReceiverWakeUpCmd                  0x080020c3   Thumb Code    24  stm32f10x_usart.o(.text)
    USART_LINBreakDetectLengthConfig         0x080020db   Thumb Code    18  stm32f10x_usart.o(.text)
    USART_LINCmd                             0x080020ed   Thumb Code    24  stm32f10x_usart.o(.text)
    USART_SendData                           0x08002105   Thumb Code     8  stm32f10x_usart.o(.text)
    USART_ReceiveData                        0x0800210d   Thumb Code    10  stm32f10x_usart.o(.text)
    USART_SendBreak                          0x08002117   Thumb Code    10  stm32f10x_usart.o(.text)
    USART_SetGuardTime                       0x08002121   Thumb Code    16  stm32f10x_usart.o(.text)
    USART_SetPrescaler                       0x08002131   Thumb Code    16  stm32f10x_usart.o(.text)
    USART_SmartCardCmd                       0x08002141   Thumb Code    24  stm32f10x_usart.o(.text)
    USART_SmartCardNACKCmd                   0x08002159   Thumb Code    24  stm32f10x_usart.o(.text)
    USART_HalfDuplexCmd                      0x08002171   Thumb Code    24  stm32f10x_usart.o(.text)
    USART_OverSampling8Cmd                   0x08002189   Thumb Code    22  stm32f10x_usart.o(.text)
    USART_OneBitMethodCmd                    0x0800219f   Thumb Code    24  stm32f10x_usart.o(.text)
    USART_IrDAConfig                         0x080021b7   Thumb Code    18  stm32f10x_usart.o(.text)
    USART_IrDACmd                            0x080021c9   Thumb Code    24  stm32f10x_usart.o(.text)
    USART_GetFlagStatus                      0x080021e1   Thumb Code    26  stm32f10x_usart.o(.text)
    USART_ClearFlag                          0x080021fb   Thumb Code    18  stm32f10x_usart.o(.text)
    USART_GetITStatus                        0x0800220d   Thumb Code    84  stm32f10x_usart.o(.text)
    USART_ClearITPendingBit                  0x08002261   Thumb Code    52  stm32f10x_usart.o(.text)
    STM32_System_Init                        0x08002295   Thumb Code   156  bsp_sys.o(.text)
    LED_GPIO_Config                          0x08002361   Thumb Code    40  bsp_gpio.o(.text)
    LED_Flash                                0x08002389   Thumb Code    54  bsp_gpio.o(.text)
    KEY_GPIO_Config                          0x080023bf   Thumb Code    34  bsp_gpio.o(.text)
    Key_Scan                                 0x080023e1   Thumb Code    66  bsp_gpio.o(.text)
    NVIC_Config                              0x0800242d   Thumb Code     2  bsp_nvic.o(.text)
    USART1_Init                              0x08002431   Thumb Code   124  bsp_usart.o(.text)
    fputc                                    0x080024ad   Thumb Code    32  bsp_usart.o(.text)
    fgetc                                    0x080024cd   Thumb Code    26  bsp_usart.o(.text)
    USART1_Send                              0x080024e7   Thumb Code    74  bsp_usart.o(.text)
    USART1_Receive                           0x08002531   Thumb Code    16  bsp_usart.o(.text)
    USART1_IRQHandler                        0x08002541   Thumb Code    72  bsp_usart.o(.text)
    Delay_Init                               0x0800259d   Thumb Code    52  delay.o(.text)
    Delay_ms                                 0x080025d1   Thumb Code    56  delay.o(.text)
    Delay_us                                 0x08002609   Thumb Code    56  delay.o(.text)
    i2c_Delay                                0x08002649   Thumb Code    14  bsp_iic.o(.text)
    IIC_Start                                0x08002657   Thumb Code    56  bsp_iic.o(.text)
    IIC_Stop                                 0x0800268f   Thumb Code    38  bsp_iic.o(.text)
    IIC_Send_Byte                            0x080026b5   Thumb Code    96  bsp_iic.o(.text)
    IIC_Ack                                  0x08002715   Thumb Code    56  bsp_iic.o(.text)
    IIC_NAck                                 0x0800274d   Thumb Code    46  bsp_iic.o(.text)
    IIC_Read_Byte                            0x0800277b   Thumb Code    82  bsp_iic.o(.text)
    IIC_Wait_Ack                             0x080027cd   Thumb Code    66  bsp_iic.o(.text)
    IIC_Init                                 0x0800280f   Thumb Code    44  bsp_iic.o(.text)
    i2c_CheckDevice                          0x0800283b   Thumb Code    32  bsp_iic.o(.text)
    MOTO_PWM_Init                            0x08002861   Thumb Code   196  bsp_timer.o(.text)
    MOTO_PWM_Out                             0x08002925   Thumb Code    68  bsp_timer.o(.text)
    Timer6_Init                              0x08002969   Thumb Code   114  bsp_timer.o(.text)
    Encoder_Init_TIM2                        0x080029db   Thumb Code   154  bsp_timer.o(.text)
    Encoder_Init_TIM4                        0x08002a75   Thumb Code   148  bsp_timer.o(.text)
    Read_Encoder                             0x08002b09   Thumb Code    84  bsp_timer.o(.text)
    TIM4_IRQHandler                          0x08002b5d   Thumb Code    24  bsp_timer.o(.text)
    TIM2_IRQHandler                          0x08002b75   Thumb Code    24  bsp_timer.o(.text)
    ADCx_Init                                0x08002c71   Thumb Code    16  bsp_adc.o(.text)
    MOTO_GPIO_Init                           0x08002c89   Thumb Code    40  moto.o(.text)
    MOTO_Left                                0x08002cb1   Thumb Code    68  moto.o(.text)
    MOTO_Right                               0x08002cf5   Thumb Code    68  moto.o(.text)
    Car_Go                                   0x08002d39   Thumb Code    16  moto.o(.text)
    Car_Back                                 0x08002d49   Thumb Code    16  moto.o(.text)
    Car_Turn_Left                            0x08002d59   Thumb Code    16  moto.o(.text)
    Car_Turn_Right                           0x08002d69   Thumb Code    16  moto.o(.text)
    Car_Stop                                 0x08002d79   Thumb Code    16  moto.o(.text)
    Write_IIC_Command                        0x08002d8d   Thumb Code    44  oled.o(.text)
    Write_IIC_Data                           0x08002db9   Thumb Code    44  oled.o(.text)
    OLED_WR_Byte                             0x08002de5   Thumb Code    24  oled.o(.text)
    fill_picture                             0x08002dfd   Thumb Code    64  oled.o(.text)
    Delay_50ms                               0x08002e3d   Thumb Code    22  oled.o(.text)
    Delay_1ms                                0x08002e53   Thumb Code    26  oled.o(.text)
    OLED_Set_Pos                             0x08002e6d   Thumb Code    40  oled.o(.text)
    OLED_Display_On                          0x08002e95   Thumb Code    28  oled.o(.text)
    OLED_Display_Off                         0x08002eb1   Thumb Code    28  oled.o(.text)
    OLED_Clear                               0x08002ecd   Thumb Code    62  oled.o(.text)
    OLED_On                                  0x08002f0b   Thumb Code    62  oled.o(.text)
    OLED_ShowChar                            0x08002f49   Thumb Code   154  oled.o(.text)
    oled_pow                                 0x08002fe3   Thumb Code    22  oled.o(.text)
    OLED_ShowNum                             0x08002ff9   Thumb Code   136  oled.o(.text)
    OLED_ShowString                          0x08003081   Thumb Code    58  oled.o(.text)
    OLED_ShowCHinese                         0x080030bb   Thumb Code    98  oled.o(.text)
    OLED_DrawBMP                             0x0800311d   Thumb Code   118  oled.o(.text)
    OLED_Init                                0x08003193   Thumb Code   232  oled.o(.text)
    showPID                                  0x08003289   Thumb Code    82  pid.o(.text)
    PID_Calc_Left                            0x080032db   Thumb Code   114  pid.o(.text)
    PID_Calc_Right                           0x0800334d   Thumb Code   114  pid.o(.text)
    TIM6_IRQHandler                          0x080033e5   Thumb Code   428  car.o(.text)
    TRACK_IO_Init                            0x080035dd   Thumb Code    32  track.o(.text)
    BLACK_LINE_DETECT                        0x080035fd   Thumb Code     2  track.o(.text)
    TRACK                                    0x080035ff   Thumb Code   622  track.o(.text)
    main                                     0x08003879   Thumb Code   810  main.o(.text)
    NMI_Handler                              0x08003c9d   Thumb Code     2  stm32f10x_it.o(.text)
    HardFault_Handler                        0x08003c9f   Thumb Code     4  stm32f10x_it.o(.text)
    MemManage_Handler                        0x08003ca3   Thumb Code     4  stm32f10x_it.o(.text)
    BusFault_Handler                         0x08003ca7   Thumb Code     4  stm32f10x_it.o(.text)
    UsageFault_Handler                       0x08003cab   Thumb Code     4  stm32f10x_it.o(.text)
    SVC_Handler                              0x08003caf   Thumb Code     2  stm32f10x_it.o(.text)
    DebugMon_Handler                         0x08003cb1   Thumb Code     2  stm32f10x_it.o(.text)
    PendSV_Handler                           0x08003cb3   Thumb Code     2  stm32f10x_it.o(.text)
    ADC1_2_IRQHandler                        0x08003cb5   Thumb Code    38  stm32f10x_it.o(.text)
    __2sprintf                               0x08003ce5   Thumb Code    34  noretval__2sprintf.o(.text)
    _printf_pre_padding                      0x08003d0d   Thumb Code    44  _printf_pad.o(.text)
    _printf_post_padding                     0x08003d39   Thumb Code    34  _printf_pad.o(.text)
    __printf                                 0x08003d5b   Thumb Code   270  __printf_wp.o(.text)
    __use_two_region_memory                  0x08003e69   Thumb Code     2  heapauxi.o(.text)
    __rt_heap_escrow$2region                 0x08003e6b   Thumb Code     2  heapauxi.o(.text)
    __rt_heap_expand$2region                 0x08003e6d   Thumb Code     2  heapauxi.o(.text)
    __lib_sel_fp_printf                      0x08003e6f   Thumb Code     2  _printf_fp_dec.o(.text)
    _printf_fp_dec_real                      0x08004021   Thumb Code   620  _printf_fp_dec.o(.text)
    _printf_char_common                      0x08004297   Thumb Code    32  _printf_char_common.o(.text)
    _sputc                                   0x080042bd   Thumb Code    10  _sputc.o(.text)
    __rt_locale                              0x080042c9   Thumb Code     8  rt_locale_intlibspace.o(.text)
    _ll_udiv10                               0x080042d1   Thumb Code   138  lludiv10.o(.text)
    _printf_fp_infnan                        0x0800435d   Thumb Code   112  _printf_fp_infnan.o(.text)
    _btod_etento                             0x080043dd   Thumb Code   224  bigflt0.o(.text)
    __user_libspace                          0x080044c1   Thumb Code     8  libspace.o(.text)
    __user_perproc_libspace                  0x080044c1   Thumb Code     0  libspace.o(.text)
    __user_perthread_libspace                0x080044c1   Thumb Code     0  libspace.o(.text)
    __user_setup_stackheap                   0x080044c9   Thumb Code    74  sys_stackheap_outer.o(.text)
    exit                                     0x08004513   Thumb Code    18  exit.o(.text)
    strcmp                                   0x08004525   Thumb Code   128  strcmpv7m.o(.text)
    _sys_exit                                0x080045a5   Thumb Code     8  sys_exit.o(.text)
    __I$use$semihosting                      0x080045b1   Thumb Code     0  use_no_semi.o(.text)
    __use_no_semihosting_swi                 0x080045b1   Thumb Code     2  use_no_semi.o(.text)
    __semihosting_library_function           0x080045b3   Thumb Code     0  indicate_semi.o(.text)
    _btod_d2e                                0x080045b3   Thumb Code    62  btod.o(CL$$btod_d2e)
    _d2e_denorm_low                          0x080045f1   Thumb Code    70  btod.o(CL$$btod_d2e_denorm_low)
    _d2e_norm_op1                            0x08004637   Thumb Code    96  btod.o(CL$$btod_d2e_norm_op1)
    __btod_div_common                        0x08004697   Thumb Code   696  btod.o(CL$$btod_div_common)
    _e2e                                     0x080049cf   Thumb Code   220  btod.o(CL$$btod_e2e)
    _btod_ediv                               0x08004aab   Thumb Code    42  btod.o(CL$$btod_ediv)
    _btod_emul                               0x08004ad5   Thumb Code    42  btod.o(CL$$btod_emul)
    __btod_mult_common                       0x08004aff   Thumb Code   580  btod.o(CL$$btod_mult_common)
    __ARM_fpclassify                         0x08004d43   Thumb Code    40  fpclassify.o(i.__ARM_fpclassify)
    _is_digit                                0x08004d6b   Thumb Code    14  __printf_wp.o(i._is_digit)
    _get_lc_numeric                          0x08004d79   Thumb Code    44  lc_numeric_c.o(locale$$code)
    __aeabi_d2f                              0x08004da5   Thumb Code     0  d2f.o(x$fpl$d2f)
    _d2f                                     0x08004da5   Thumb Code    98  d2f.o(x$fpl$d2f)
    __aeabi_i2d                              0x08004e07   Thumb Code     0  dflt_clz.o(x$fpl$dflt)
    _dflt                                    0x08004e07   Thumb Code    46  dflt_clz.o(x$fpl$dflt)
    __aeabi_dmul                             0x08004e35   Thumb Code     0  dmul.o(x$fpl$dmul)
    _dmul                                    0x08004e35   Thumb Code   332  dmul.o(x$fpl$dmul)
    __fpl_dnaninf                            0x08004f89   Thumb Code   156  dnaninf.o(x$fpl$dnaninf)
    __fpl_dretinf                            0x08005025   Thumb Code    12  dretinf.o(x$fpl$dretinf)
    __aeabi_f2d                              0x08005031   Thumb Code     0  f2d.o(x$fpl$f2d)
    _f2d                                     0x08005031   Thumb Code    86  f2d.o(x$fpl$f2d)
    __aeabi_fadd                             0x08005089   Thumb Code     0  faddsub_clz.o(x$fpl$fadd)
    _fadd                                    0x08005089   Thumb Code   196  faddsub_clz.o(x$fpl$fadd)
    __aeabi_fdiv                             0x0800514d   Thumb Code     0  fdiv.o(x$fpl$fdiv)
    _fdiv                                    0x0800514d   Thumb Code   384  fdiv.o(x$fpl$fdiv)
    __aeabi_f2iz                             0x080052d1   Thumb Code     0  ffix.o(x$fpl$ffix)
    _ffix                                    0x080052d1   Thumb Code    54  ffix.o(x$fpl$ffix)
    __aeabi_f2uiz                            0x08005309   Thumb Code     0  ffixu.o(x$fpl$ffixu)
    _ffixu                                   0x08005309   Thumb Code    62  ffixu.o(x$fpl$ffixu)
    __aeabi_i2f                              0x08005349   Thumb Code     0  fflt_clz.o(x$fpl$fflt)
    _fflt                                    0x08005349   Thumb Code    48  fflt_clz.o(x$fpl$fflt)
    __aeabi_ui2f                             0x08005379   Thumb Code     0  fflt_clz.o(x$fpl$ffltu)
    _ffltu                                   0x08005379   Thumb Code    38  fflt_clz.o(x$fpl$ffltu)
    __aeabi_fmul                             0x080053a1   Thumb Code     0  fmul.o(x$fpl$fmul)
    _fmul                                    0x080053a1   Thumb Code   258  fmul.o(x$fpl$fmul)
    __fpl_fnaninf                            0x080054a3   Thumb Code   140  fnaninf.o(x$fpl$fnaninf)
    __fpl_fretinf                            0x0800552f   Thumb Code    10  fretinf.o(x$fpl$fretinf)
    __aeabi_fsub                             0x08005539   Thumb Code     0  faddsub_clz.o(x$fpl$fsub)
    _fsub                                    0x08005539   Thumb Code   234  faddsub_clz.o(x$fpl$fsub)
    _printf_fp_dec                           0x08005623   Thumb Code     4  printf1.o(x$fpl$printf1)
    F6x8                                     0x08005626   Data         552  oled.o(.constdata)
    __I$use$fp                               0x08005626   Number         0  usenofp.o(x$fpl$usenofp)
    F8X16                                    0x0800584e   Data        1520  oled.o(.constdata)
    Region$$Table$$Base                      0x08005ed4   Number         0  anon$$obj.o(Region$$Table)
    Region$$Table$$Limit                     0x08005ef4   Number         0  anon$$obj.o(Region$$Table)
    SystemCoreClock                          0x20000000   Data           4  system_stm32f10x.o(.data)
    AHBPrescTable                            0x20000004   Data          16  system_stm32f10x.o(.data)
    rx_address                               0x2000002c   Data           4  bsp_usart.o(.data)
    rx_count                                 0x20000030   Data           4  bsp_usart.o(.data)
    rx_length                                0x20000034   Data           4  bsp_usart.o(.data)
    ADC_ConvertedValue                       0x2000003c   Data           2  bsp_adc.o(.data)
    Hzk                                      0x2000003e   Data         512  oled.o(.data)
    Proportion                               0x20000240   Data           4  pid.o(.data)
    Integral                                 0x20000244   Data           4  pid.o(.data)
    Derivative                               0x20000248   Data           4  pid.o(.data)
    Encoder_Left                             0x2000025c   Data           4  car.o(.data)
    Encoder_Right                            0x20000260   Data           4  car.o(.data)
    Moto_Left                                0x20000264   Data           4  car.o(.data)
    Moto_Right                               0x20000268   Data           4  car.o(.data)
    para_L                                   0x2000026c   Data           4  car.o(.data)
    para_R                                   0x20000270   Data           4  car.o(.data)
    SetPoint                                 0x20000274   Data           4  car.o(.data)
    temp1                                    0x20000278   Data           4  car.o(.data)
    temp2                                    0x2000027c   Data           4  car.o(.data)
    temp3                                    0x20000280   Data           4  car.o(.data)
    temp4                                    0x20000284   Data           4  car.o(.data)
    set_speed                                0x20000288   Data           5  car.o(.data)
    speed                                    0x2000028d   Data           5  car.o(.data)
    menuState                                0x20000294   Data           4  main.o(.data)
    LFT_MOTOR_TEST_NUM                       0x20000298   Data           4  main.o(.data)
    carStatus                                0x2000029c   Data           4  main.o(.data)
    ADC_ConvertedValueLocal                  0x200002a0   Data           4  main.o(.data)
    __libspace_start                         0x200002a4   Data          96  libspace.o(.bss)
    __temporary_stack_top$libspace           0x20000304   Data           0  libspace.o(.bss)



==============================================================================

Memory Map of the image

  Image Entry point : 0x08000131

  Load Region LR_IROM1 (Base: 0x08000000, Size: 0x000061b4, Max: 0x00040000, ABSOLUTE, COMPRESSED[0x00006014])

    Execution Region ER_IROM1 (Exec base: 0x08000000, Load base: 0x08000000, Size: 0x00005f10, Max: 0x00040000, ABSOLUTE)

    Exec Addr    Load Addr    Size         Type   Attr      Idx    E Section Name        Object

    0x08000000   0x08000000   0x00000130   Data   RO            3    RESET               startup_stm32f10x_hd.o
    0x08000130   0x08000130   0x00000008   Code   RO          703  * !!!main             c_w.l(__main.o)
    0x08000138   0x08000138   0x00000034   Code   RO          963    !!!scatter          c_w.l(__scatter.o)
    0x0800016c   0x0800016c   0x0000005a   Code   RO          961    !!dczerorl2         c_w.l(__dczerorl2.o)
    0x080001c6   0x080001c6   0x00000002   PAD
    0x080001c8   0x080001c8   0x0000001c   Code   RO          965    !!handler_zi        c_w.l(__scatter_zi.o)
    0x080001e4   0x080001e4   0x00000000   Code   RO          700    .ARM.Collect$$_printf_percent$$00000000  c_w.l(_printf_percent.o)
    0x080001e4   0x080001e4   0x00000006   Code   RO          699    .ARM.Collect$$_printf_percent$$00000003  c_w.l(_printf_f.o)
    0x080001ea   0x080001ea   0x00000004   Code   RO          752    .ARM.Collect$$_printf_percent$$00000017  c_w.l(_printf_percent_end.o)
    0x080001ee   0x080001ee   0x00000002   Code   RO          834    .ARM.Collect$$libinit$$00000000  c_w.l(libinit.o)
    0x080001f0   0x080001f0   0x00000000   Code   RO          836    .ARM.Collect$$libinit$$00000002  c_w.l(libinit2.o)
    0x080001f0   0x080001f0   0x00000000   Code   RO          838    .ARM.Collect$$libinit$$00000004  c_w.l(libinit2.o)
    0x080001f0   0x080001f0   0x00000000   Code   RO          841    .ARM.Collect$$libinit$$0000000A  c_w.l(libinit2.o)
    0x080001f0   0x080001f0   0x00000000   Code   RO          843    .ARM.Collect$$libinit$$0000000C  c_w.l(libinit2.o)
    0x080001f0   0x080001f0   0x00000000   Code   RO          845    .ARM.Collect$$libinit$$0000000E  c_w.l(libinit2.o)
    0x080001f0   0x080001f0   0x00000006   Code   RO          846    .ARM.Collect$$libinit$$0000000F  c_w.l(libinit2.o)
    0x080001f6   0x080001f6   0x00000000   Code   RO          848    .ARM.Collect$$libinit$$00000011  c_w.l(libinit2.o)
    0x080001f6   0x080001f6   0x00000000   Code   RO          850    .ARM.Collect$$libinit$$00000013  c_w.l(libinit2.o)
    0x080001f6   0x080001f6   0x00000000   Code   RO          852    .ARM.Collect$$libinit$$00000015  c_w.l(libinit2.o)
    0x080001f6   0x080001f6   0x0000000a   Code   RO          853    .ARM.Collect$$libinit$$00000016  c_w.l(libinit2.o)
    0x08000200   0x08000200   0x00000000   Code   RO          854    .ARM.Collect$$libinit$$00000017  c_w.l(libinit2.o)
    0x08000200   0x08000200   0x00000000   Code   RO          856    .ARM.Collect$$libinit$$00000019  c_w.l(libinit2.o)
    0x08000200   0x08000200   0x00000000   Code   RO          858    .ARM.Collect$$libinit$$0000001B  c_w.l(libinit2.o)
    0x08000200   0x08000200   0x00000000   Code   RO          860    .ARM.Collect$$libinit$$0000001D  c_w.l(libinit2.o)
    0x08000200   0x08000200   0x00000000   Code   RO          862    .ARM.Collect$$libinit$$0000001F  c_w.l(libinit2.o)
    0x08000200   0x08000200   0x00000000   Code   RO          864    .ARM.Collect$$libinit$$00000021  c_w.l(libinit2.o)
    0x08000200   0x08000200   0x00000000   Code   RO          866    .ARM.Collect$$libinit$$00000023  c_w.l(libinit2.o)
    0x08000200   0x08000200   0x00000000   Code   RO          868    .ARM.Collect$$libinit$$00000025  c_w.l(libinit2.o)
    0x08000200   0x08000200   0x00000000   Code   RO          872    .ARM.Collect$$libinit$$0000002C  c_w.l(libinit2.o)
    0x08000200   0x08000200   0x00000000   Code   RO          874    .ARM.Collect$$libinit$$0000002E  c_w.l(libinit2.o)
    0x08000200   0x08000200   0x00000000   Code   RO          876    .ARM.Collect$$libinit$$00000030  c_w.l(libinit2.o)
    0x08000200   0x08000200   0x00000000   Code   RO          878    .ARM.Collect$$libinit$$00000032  c_w.l(libinit2.o)
    0x08000200   0x08000200   0x00000002   Code   RO          879    .ARM.Collect$$libinit$$00000033  c_w.l(libinit2.o)
    0x08000202   0x08000202   0x00000002   Code   RO          909    .ARM.Collect$$libshutdown$$00000000  c_w.l(libshutdown.o)
    0x08000204   0x08000204   0x00000000   Code   RO          920    .ARM.Collect$$libshutdown$$00000002  c_w.l(libshutdown2.o)
    0x08000204   0x08000204   0x00000000   Code   RO          922    .ARM.Collect$$libshutdown$$00000004  c_w.l(libshutdown2.o)
    0x08000204   0x08000204   0x00000000   Code   RO          925    .ARM.Collect$$libshutdown$$00000007  c_w.l(libshutdown2.o)
    0x08000204   0x08000204   0x00000000   Code   RO          928    .ARM.Collect$$libshutdown$$0000000A  c_w.l(libshutdown2.o)
    0x08000204   0x08000204   0x00000000   Code   RO          930    .ARM.Collect$$libshutdown$$0000000C  c_w.l(libshutdown2.o)
    0x08000204   0x08000204   0x00000000   Code   RO          933    .ARM.Collect$$libshutdown$$0000000F  c_w.l(libshutdown2.o)
    0x08000204   0x08000204   0x00000002   Code   RO          934    .ARM.Collect$$libshutdown$$00000010  c_w.l(libshutdown2.o)
    0x08000206   0x08000206   0x00000000   Code   RO          745    .ARM.Collect$$rtentry$$00000000  c_w.l(__rtentry.o)
    0x08000206   0x08000206   0x00000000   Code   RO          763    .ARM.Collect$$rtentry$$00000002  c_w.l(__rtentry2.o)
    0x08000206   0x08000206   0x00000006   Code   RO          775    .ARM.Collect$$rtentry$$00000004  c_w.l(__rtentry4.o)
    0x0800020c   0x0800020c   0x00000000   Code   RO          765    .ARM.Collect$$rtentry$$00000009  c_w.l(__rtentry2.o)
    0x0800020c   0x0800020c   0x00000004   Code   RO          766    .ARM.Collect$$rtentry$$0000000A  c_w.l(__rtentry2.o)
    0x08000210   0x08000210   0x00000000   Code   RO          768    .ARM.Collect$$rtentry$$0000000C  c_w.l(__rtentry2.o)
    0x08000210   0x08000210   0x00000008   Code   RO          769    .ARM.Collect$$rtentry$$0000000D  c_w.l(__rtentry2.o)
    0x08000218   0x08000218   0x00000002   Code   RO          880    .ARM.Collect$$rtexit$$00000000  c_w.l(rtexit.o)
    0x0800021a   0x0800021a   0x00000000   Code   RO          887    .ARM.Collect$$rtexit$$00000002  c_w.l(rtexit2.o)
    0x0800021a   0x0800021a   0x00000004   Code   RO          888    .ARM.Collect$$rtexit$$00000003  c_w.l(rtexit2.o)
    0x0800021e   0x0800021e   0x00000006   Code   RO          889    .ARM.Collect$$rtexit$$00000004  c_w.l(rtexit2.o)
    0x08000224   0x08000224   0x00000040   Code   RO            4    .text               startup_stm32f10x_hd.o
    0x08000264   0x08000264   0x000001e0   Code   RO           24    .text               system_stm32f10x.o
    0x08000444   0x08000444   0x000000dc   Code   RO          118    .text               misc.o
    0x08000520   0x08000520   0x0000044e   Code   RO          134    .text               stm32f10x_adc.o
    0x0800096e   0x0800096e   0x00000002   PAD
    0x08000970   0x08000970   0x0000035c   Code   RO          269    .text               stm32f10x_gpio.o
    0x08000ccc   0x08000ccc   0x000003a4   Code   RO          317    .text               stm32f10x_rcc.o
    0x08001070   0x08001070   0x00000e1a   Code   RO          367    .text               stm32f10x_tim.o
    0x08001e8a   0x08001e8a   0x00000002   PAD
    0x08001e8c   0x08001e8c   0x00000408   Code   RO          379    .text               stm32f10x_usart.o
    0x08002294   0x08002294   0x000000cc   Code   RO          403    .text               bsp_sys.o
    0x08002360   0x08002360   0x000000cc   Code   RO          461    .text               bsp_gpio.o
    0x0800242c   0x0800242c   0x00000002   Code   RO          474    .text               bsp_nvic.o
    0x0800242e   0x0800242e   0x00000002   PAD
    0x08002430   0x08002430   0x0000016c   Code   RO          486    .text               bsp_usart.o
    0x0800259c   0x0800259c   0x000000ac   Code   RO          501    .text               delay.o
    0x08002648   0x08002648   0x00000218   Code   RO          515    .text               bsp_iic.o
    0x08002860   0x08002860   0x00000340   Code   RO          527    .text               bsp_timer.o
    0x08002ba0   0x08002ba0   0x000000e8   Code   RO          539    .text               bsp_adc.o
    0x08002c88   0x08002c88   0x00000104   Code   RO          554    .text               moto.o
    0x08002d8c   0x08002d8c   0x000004fc   Code   RO          566    .text               oled.o
    0x08003288   0x08003288   0x0000015c   Code   RO          591    .text               pid.o
    0x080033e4   0x080033e4   0x000001f8   Code   RO          606    .text               car.o
    0x080035dc   0x080035dc   0x0000029c   Code   RO          624    .text               track.o
    0x08003878   0x08003878   0x00000424   Code   RO          637    .text               main.o
    0x08003c9c   0x08003c9c   0x00000048   Code   RO          653    .text               stm32f10x_it.o
    0x08003ce4   0x08003ce4   0x00000028   Code   RO          673    .text               c_w.l(noretval__2sprintf.o)
    0x08003d0c   0x08003d0c   0x0000004e   Code   RO          677    .text               c_w.l(_printf_pad.o)
    0x08003d5a   0x08003d5a   0x0000010e   Code   RO          687    .text               c_w.l(__printf_wp.o)
    0x08003e68   0x08003e68   0x00000006   Code   RO          701    .text               c_w.l(heapauxi.o)
    0x08003e6e   0x08003e6e   0x0000041e   Code   RO          746    .text               c_w.l(_printf_fp_dec.o)
    0x0800428c   0x0800428c   0x00000030   Code   RO          748    .text               c_w.l(_printf_char_common.o)
    0x080042bc   0x080042bc   0x0000000a   Code   RO          750    .text               c_w.l(_sputc.o)
    0x080042c6   0x080042c6   0x00000002   PAD
    0x080042c8   0x080042c8   0x00000008   Code   RO          780    .text               c_w.l(rt_locale_intlibspace.o)
    0x080042d0   0x080042d0   0x0000008a   Code   RO          782    .text               c_w.l(lludiv10.o)
    0x0800435a   0x0800435a   0x00000002   PAD
    0x0800435c   0x0800435c   0x00000080   Code   RO          784    .text               c_w.l(_printf_fp_infnan.o)
    0x080043dc   0x080043dc   0x000000e4   Code   RO          788    .text               c_w.l(bigflt0.o)
    0x080044c0   0x080044c0   0x00000008   Code   RO          820    .text               c_w.l(libspace.o)
    0x080044c8   0x080044c8   0x0000004a   Code   RO          823    .text               c_w.l(sys_stackheap_outer.o)
    0x08004512   0x08004512   0x00000012   Code   RO          825    .text               c_w.l(exit.o)
    0x08004524   0x08004524   0x00000080   Code   RO          827    .text               c_w.l(strcmpv7m.o)
    0x080045a4   0x080045a4   0x0000000c   Code   RO          899    .text               c_w.l(sys_exit.o)
    0x080045b0   0x080045b0   0x00000002   Code   RO          910    .text               c_w.l(use_no_semi.o)
    0x080045b2   0x080045b2   0x00000000   Code   RO          912    .text               c_w.l(indicate_semi.o)
    0x080045b2   0x080045b2   0x0000003e   Code   RO          791    CL$$btod_d2e        c_w.l(btod.o)
    0x080045f0   0x080045f0   0x00000046   Code   RO          793    CL$$btod_d2e_denorm_low  c_w.l(btod.o)
    0x08004636   0x08004636   0x00000060   Code   RO          792    CL$$btod_d2e_norm_op1  c_w.l(btod.o)
    0x08004696   0x08004696   0x00000338   Code   RO          801    CL$$btod_div_common  c_w.l(btod.o)
    0x080049ce   0x080049ce   0x000000dc   Code   RO          798    CL$$btod_e2e        c_w.l(btod.o)
    0x08004aaa   0x08004aaa   0x0000002a   Code   RO          795    CL$$btod_ediv       c_w.l(btod.o)
    0x08004ad4   0x08004ad4   0x0000002a   Code   RO          794    CL$$btod_emul       c_w.l(btod.o)
    0x08004afe   0x08004afe   0x00000244   Code   RO          800    CL$$btod_mult_common  c_w.l(btod.o)
    0x08004d42   0x08004d42   0x00000028   Code   RO          818    i.__ARM_fpclassify  m_ws.l(fpclassify.o)
    0x08004d6a   0x08004d6a   0x0000000e   Code   RO          689    i._is_digit         c_w.l(__printf_wp.o)
    0x08004d78   0x08004d78   0x0000002c   Code   RO          814    locale$$code        c_w.l(lc_numeric_c.o)
    0x08004da4   0x08004da4   0x00000062   Code   RO          705    x$fpl$d2f           fz_ws.l(d2f.o)
    0x08004e06   0x08004e06   0x0000002e   Code   RO          708    x$fpl$dflt          fz_ws.l(dflt_clz.o)
    0x08004e34   0x08004e34   0x00000154   Code   RO          713    x$fpl$dmul          fz_ws.l(dmul.o)
    0x08004f88   0x08004f88   0x0000009c   Code   RO          753    x$fpl$dnaninf       fz_ws.l(dnaninf.o)
    0x08005024   0x08005024   0x0000000c   Code   RO          755    x$fpl$dretinf       fz_ws.l(dretinf.o)
    0x08005030   0x08005030   0x00000056   Code   RO          715    x$fpl$f2d           fz_ws.l(f2d.o)
    0x08005086   0x08005086   0x00000002   PAD
    0x08005088   0x08005088   0x000000c4   Code   RO          717    x$fpl$fadd          fz_ws.l(faddsub_clz.o)
    0x0800514c   0x0800514c   0x00000184   Code   RO          724    x$fpl$fdiv          fz_ws.l(fdiv.o)
    0x080052d0   0x080052d0   0x00000036   Code   RO          727    x$fpl$ffix          fz_ws.l(ffix.o)
    0x08005306   0x08005306   0x00000002   PAD
    0x08005308   0x08005308   0x0000003e   Code   RO          731    x$fpl$ffixu         fz_ws.l(ffixu.o)
    0x08005346   0x08005346   0x00000002   PAD
    0x08005348   0x08005348   0x00000030   Code   RO          736    x$fpl$fflt          fz_ws.l(fflt_clz.o)
    0x08005378   0x08005378   0x00000026   Code   RO          735    x$fpl$ffltu         fz_ws.l(fflt_clz.o)
    0x0800539e   0x0800539e   0x00000002   PAD
    0x080053a0   0x080053a0   0x00000102   Code   RO          741    x$fpl$fmul          fz_ws.l(fmul.o)
    0x080054a2   0x080054a2   0x0000008c   Code   RO          757    x$fpl$fnaninf       fz_ws.l(fnaninf.o)
    0x0800552e   0x0800552e   0x0000000a   Code   RO          759    x$fpl$fretinf       fz_ws.l(fretinf.o)
    0x08005538   0x08005538   0x000000ea   Code   RO          719    x$fpl$fsub          fz_ws.l(faddsub_clz.o)
    0x08005622   0x08005622   0x00000004   Code   RO          743    x$fpl$printf1       fz_ws.l(printf1.o)
    0x08005626   0x08005626   0x00000000   Code   RO          761    x$fpl$usenofp       fz_ws.l(usenofp.o)
    0x08005626   0x08005626   0x00000818   Data   RO          567    .constdata          oled.o
    0x08005e3e   0x08005e3e   0x00000002   PAD
    0x08005e40   0x08005e40   0x00000094   Data   RO          789    .constdata          c_w.l(bigflt0.o)
    0x08005ed4   0x08005ed4   0x00000020   Data   RO          959    Region$$Table       anon$$obj.o
    0x08005ef4   0x08005ef4   0x0000001c   Data   RO          813    locale$$data        c_w.l(lc_numeric_c.o)


    Execution Region RW_IRAM1 (Exec base: 0x20000000, Load base: 0x08005f10, Size: 0x00000908, Max: 0x0000c000, ABSOLUTE, COMPRESSED[0x00000104])

    Exec Addr    Load Addr    Size         Type   Attr      Idx    E Section Name        Object

    0x20000000   COMPRESSED   0x00000014   Data   RW           25    .data               system_stm32f10x.o
    0x20000014   COMPRESSED   0x00000014   Data   RW          318    .data               stm32f10x_rcc.o
    0x20000028   COMPRESSED   0x00000004   Data   RW          462    .data               bsp_gpio.o
    0x2000002c   COMPRESSED   0x0000000c   Data   RW          487    .data               bsp_usart.o
    0x20000038   COMPRESSED   0x00000004   Data   RW          502    .data               delay.o
    0x2000003c   COMPRESSED   0x00000002   Data   RW          540    .data               bsp_adc.o
    0x2000003e   COMPRESSED   0x00000200   Data   RW          568    .data               oled.o
    0x2000023e   COMPRESSED   0x00000002   PAD
    0x20000240   COMPRESSED   0x0000001c   Data   RW          592    .data               pid.o
    0x2000025c   COMPRESSED   0x00000036   Data   RW          607    .data               car.o
    0x20000292   COMPRESSED   0x00000002   PAD
    0x20000294   COMPRESSED   0x00000010   Data   RW          638    .data               main.o
    0x200002a4        -       0x00000060   Zero   RW          821    .bss                c_w.l(libspace.o)
    0x20000304   COMPRESSED   0x00000004   PAD
    0x20000308        -       0x00000200   Zero   RW            2    HEAP                startup_stm32f10x_hd.o
    0x20000508        -       0x00000400   Zero   RW            1    STACK               startup_stm32f10x_hd.o


==============================================================================

Image component sizes


      Code (inc. data)   RO Data    RW Data    ZI Data      Debug   Object Name

       232          8          0          2          0       1481   bsp_adc.o
       204         10          0          4          0       1477   bsp_gpio.o
       536          6          0          0          0       2138   bsp_iic.o
         2          0          0          0          0        406   bsp_nvic.o
       204         48          0          0          0       1772   bsp_sys.o
       832         20          0          0          0       2466   bsp_timer.o
       364         20          0         12          0       2015   bsp_usart.o
       504         76          0         54          0       1655   car.o
         0          0          0          0          0       4508   core_cm3.o
       172          8          0          4          0       1055   delay.o
      1060        258          0         16          0       1296   main.o
       220         22          0          0          0       1801   misc.o
       260          4          0          0          0       1500   moto.o
      1276         14       2072        512          0       6076   oled.o
       348         38          0         28          0       1572   pid.o
        64         26        304          0       1536        868   startup_stm32f10x_hd.o
      1102         26          0          0          0      11041   stm32f10x_adc.o
       860         38          0          0          0       5733   stm32f10x_gpio.o
        72         10          0          0          0       1304   stm32f10x_it.o
       932         36          0         20          0       8908   stm32f10x_rcc.o
      3610         88          0          0          0      22840   stm32f10x_tim.o
      1032         22          0          0          0       8456   stm32f10x_usart.o
       480         38          0         20          0     259263   system_stm32f10x.o
       668         22          0          0          0       1176   track.o

    ----------------------------------------------------------------------
     15040        838       2410        676       1536     350807   Object Totals
         0          0         32          0          0          0   (incl. Generated)
         6          0          2          4          0          0   (incl. Padding)

    ----------------------------------------------------------------------

      Code (inc. data)   RO Data    RW Data    ZI Data      Debug   Library Member Name

        90          0          0          0          0          0   __dczerorl2.o
         8          0          0          0          0         68   __main.o
       284          0          0          0          0        156   __printf_wp.o
         0          0          0          0          0          0   __rtentry.o
        12          0          0          0          0          0   __rtentry2.o
         6          0          0          0          0          0   __rtentry4.o
        52          8          0          0          0          0   __scatter.o
        28          0          0          0          0          0   __scatter_zi.o
        48          6          0          0          0         96   _printf_char_common.o
         6          0          0          0          0          0   _printf_f.o
      1054          0          0          0          0        216   _printf_fp_dec.o
       128         16          0          0          0         84   _printf_fp_infnan.o
        78          0          0          0          0        108   _printf_pad.o
         0          0          0          0          0          0   _printf_percent.o
         4          0          0          0          0          0   _printf_percent_end.o
        10          0          0          0          0         68   _sputc.o
       228          4        148          0          0         96   bigflt0.o
      1936        128          0          0          0        672   btod.o
        18          0          0          0          0         80   exit.o
         6          0          0          0          0        152   heapauxi.o
         0          0          0          0          0          0   indicate_semi.o
        44         10         28          0          0         76   lc_numeric_c.o
         2          0          0          0          0          0   libinit.o
        18          0          0          0          0          0   libinit2.o
         2          0          0          0          0          0   libshutdown.o
         2          0          0          0          0          0   libshutdown2.o
         8          4          0          0         96         68   libspace.o
       138          0          0          0          0         80   lludiv10.o
        40          6          0          0          0         84   noretval__2sprintf.o
         8          4          0          0          0         68   rt_locale_intlibspace.o
         2          0          0          0          0          0   rtexit.o
        10          0          0          0          0          0   rtexit2.o
       128          0          0          0          0         68   strcmpv7m.o
        12          4          0          0          0         68   sys_exit.o
        74          0          0          0          0         80   sys_stackheap_outer.o
         2          0          0          0          0         68   use_no_semi.o
        98          4          0          0          0         92   d2f.o
        46          0          0          0          0         68   dflt_clz.o
       340         12          0          0          0        104   dmul.o
       156          4          0          0          0         92   dnaninf.o
        12          0          0          0          0         68   dretinf.o
        86          4          0          0          0         84   f2d.o
       430          8          0          0          0        168   faddsub_clz.o
       388         76          0          0          0         96   fdiv.o
        54          4          0          0          0         84   ffix.o
        62          4          0          0          0         84   ffixu.o
        86          0          0          0          0        136   fflt_clz.o
       258          4          0          0          0         84   fmul.o
       140          4          0          0          0         84   fnaninf.o
        10          0          0          0          0         68   fretinf.o
         4          0          0          0          0         68   printf1.o
         0          0          0          0          0          0   usenofp.o
        40          0          0          0          0         68   fpclassify.o

    ----------------------------------------------------------------------
      6710        314        176          0        100       3904   Library Totals
        14          0          0          0          4          0   (incl. Padding)

    ----------------------------------------------------------------------

      Code (inc. data)   RO Data    RW Data    ZI Data      Debug   Library Name

      4486        190        176          0         96       2456   c_w.l
      2170        124          0          0          0       1380   fz_ws.l
        40          0          0          0          0         68   m_ws.l

    ----------------------------------------------------------------------
      6710        314        176          0        100       3904   Library Totals

    ----------------------------------------------------------------------

==============================================================================


      Code (inc. data)   RO Data    RW Data    ZI Data      Debug   

     21750       1152       2586        676       1636     350651   Grand Totals
     21750       1152       2586        260       1636     350651   ELF Image Totals (compressed)
     21750       1152       2586        260          0          0   ROM Totals

==============================================================================

    Total RO  Size (Code + RO Data)                24336 (  23.77kB)
    Total RW  Size (RW Data + ZI Data)              2312 (   2.26kB)
    Total ROM Size (Code + RO Data + RW Data)      24596 (  24.02kB)

==============================================================================

